Component: Arm Compiler for Embedded 6.24 Tool: armlink [5f371500]

==============================================================================

Section Cross References

    startup_stm32f407xx.o(STACK) refers (Special) to heapauxi.o(.text) for __use_two_region_memory
    startup_stm32f407xx.o(HEAP) refers (Special) to heapauxi.o(.text) for __use_two_region_memory
    startup_stm32f407xx.o(RESET) refers (Special) to heapauxi.o(.text) for __use_two_region_memory
    startup_stm32f407xx.o(RESET) refers to startup_stm32f407xx.o(STACK) for __initial_sp
    startup_stm32f407xx.o(RESET) refers to startup_stm32f407xx.o(.text) for Reset_Handler
    startup_stm32f407xx.o(RESET) refers to stm32f4xx_it.o(.text.NMI_Handler) for NMI_Handler
    startup_stm32f407xx.o(RESET) refers to stm32f4xx_it.o(.text.HardFault_Handler) for HardFault_Handler
    startup_stm32f407xx.o(RESET) refers to stm32f4xx_it.o(.text.MemManage_Handler) for MemManage_Handler
    startup_stm32f407xx.o(RESET) refers to stm32f4xx_it.o(.text.BusFault_Handler) for BusFault_Handler
    startup_stm32f407xx.o(RESET) refers to stm32f4xx_it.o(.text.UsageFault_Handler) for UsageFault_Handler
    startup_stm32f407xx.o(RESET) refers to stm32f4xx_it.o(.text.SVC_Handler) for SVC_Handler
    startup_stm32f407xx.o(RESET) refers to stm32f4xx_it.o(.text.DebugMon_Handler) for DebugMon_Handler
    startup_stm32f407xx.o(RESET) refers to stm32f4xx_it.o(.text.PendSV_Handler) for PendSV_Handler
    startup_stm32f407xx.o(RESET) refers to stm32f4xx_it.o(.text.SysTick_Handler) for SysTick_Handler
    startup_stm32f407xx.o(RESET) refers to stm32f4xx_it.o(.text.TIM2_IRQHandler) for TIM2_IRQHandler
    startup_stm32f407xx.o(RESET) refers to stm32f4xx_it.o(.text.USART1_IRQHandler) for USART1_IRQHandler
    startup_stm32f407xx.o(RESET) refers to stm32f4xx_it.o(.text.USART2_IRQHandler) for USART2_IRQHandler
    startup_stm32f407xx.o(RESET) refers to stm32f4xx_it.o(.text.USART3_IRQHandler) for USART3_IRQHandler
    startup_stm32f407xx.o(RESET) refers to stm32f4xx_it.o(.text.UART4_IRQHandler) for UART4_IRQHandler
    startup_stm32f407xx.o(RESET) refers to stm32f4xx_it.o(.text.UART5_IRQHandler) for UART5_IRQHandler
    startup_stm32f407xx.o(RESET) refers to stm32f4xx_it.o(.text.USART6_IRQHandler) for USART6_IRQHandler
    startup_stm32f407xx.o(.text) refers (Special) to heapauxi.o(.text) for __use_two_region_memory
    startup_stm32f407xx.o(.text) refers to system_stm32f4xx.o(.text.SystemInit) for SystemInit
    startup_stm32f407xx.o(.text) refers to __main.o(!!!main) for __main
    startup_stm32f407xx.o(.text) refers to startup_stm32f407xx.o(HEAP) for Heap_Mem
    startup_stm32f407xx.o(.text) refers to startup_stm32f407xx.o(STACK) for Stack_Mem
    zhangdatou.o(.text.Motor_Init) refers to zhangdatou.o(.bss..L_MergedGlobals) for .L_MergedGlobals
    zhangdatou.o(.ARM.exidx.text.Motor_Init) refers to zhangdatou.o(.text.Motor_Init) for [Anonymous Symbol]
    zhangdatou.o(.text.Motor_Enable) refers to zhangdatou.o(.bss..L_MergedGlobals) for .L_MergedGlobals
    zhangdatou.o(.text.Motor_Enable) refers to stm32f4xx_hal_uart.o(.text.HAL_UART_Transmit) for HAL_UART_Transmit
    zhangdatou.o(.ARM.exidx.text.Motor_Enable) refers to zhangdatou.o(.text.Motor_Enable) for [Anonymous Symbol]
    zhangdatou.o(.text.Motor_SpeedControl) refers to zhangdatou.o(.bss..L_MergedGlobals) for .L_MergedGlobals
    zhangdatou.o(.text.Motor_SpeedControl) refers to stm32f4xx_hal_uart.o(.text.HAL_UART_Transmit) for HAL_UART_Transmit
    zhangdatou.o(.ARM.exidx.text.Motor_SpeedControl) refers to zhangdatou.o(.text.Motor_SpeedControl) for [Anonymous Symbol]
    zhangdatou.o(.text.Motor_PositionControl) refers to zhangdatou.o(.bss..L_MergedGlobals) for .L_MergedGlobals
    zhangdatou.o(.text.Motor_PositionControl) refers to stm32f4xx_hal_uart.o(.text.HAL_UART_Transmit) for HAL_UART_Transmit
    zhangdatou.o(.ARM.exidx.text.Motor_PositionControl) refers to zhangdatou.o(.text.Motor_PositionControl) for [Anonymous Symbol]
    zhangdatou.o(.text.Motor_Stop) refers to zhangdatou.o(.bss..L_MergedGlobals) for .L_MergedGlobals
    zhangdatou.o(.text.Motor_Stop) refers to stm32f4xx_hal_uart.o(.text.HAL_UART_Transmit) for HAL_UART_Transmit
    zhangdatou.o(.ARM.exidx.text.Motor_Stop) refers to zhangdatou.o(.text.Motor_Stop) for [Anonymous Symbol]
    zhangdatou.o(.text.Motor_SyncStart) refers to zhangdatou.o(.bss..L_MergedGlobals) for .L_MergedGlobals
    zhangdatou.o(.text.Motor_SyncStart) refers to stm32f4xx_hal_uart.o(.text.HAL_UART_Transmit) for HAL_UART_Transmit
    zhangdatou.o(.ARM.exidx.text.Motor_SyncStart) refers to zhangdatou.o(.text.Motor_SyncStart) for [Anonymous Symbol]
    zhangdatou.o(.text.Motor_ReadSpeed) refers to zhangdatou.o(.bss..L_MergedGlobals) for .L_MergedGlobals
    zhangdatou.o(.ARM.exidx.text.Motor_ReadSpeed) refers to zhangdatou.o(.text.Motor_ReadSpeed) for [Anonymous Symbol]
    zhangdatou.o(.text.Motor_ReadPosition) refers to zhangdatou.o(.bss..L_MergedGlobals) for .L_MergedGlobals
[...]
    __rt_entry_postli_1                      0x0800026b   Thumb Code     0  __rtentry2.o(.ARM.Collect$$rtentry$$0000000C)
    __rt_exit                                0x08000273   Thumb Code     0  rtexit.o(.ARM.Collect$$rtexit$$00000000)
    __rt_exit_ls                             0x08000275   Thumb Code     0  rtexit2.o(.ARM.Collect$$rtexit$$00000003)
    __rt_exit_prels_1                        0x08000275   Thumb Code     0  rtexit2.o(.ARM.Collect$$rtexit$$00000002)
    __rt_exit_exit                           0x08000279   Thumb Code     0  rtexit2.o(.ARM.Collect$$rtexit$$00000004)
    Reset_Handler                            0x08000281   Thumb Code     8  startup_stm32f407xx.o(.text)
    ADC_IRQHandler                           0x0800029b   Thumb Code     0  startup_stm32f407xx.o(.text)
    CAN1_RX0_IRQHandler                      0x0800029b   Thumb Code     0  startup_stm32f407xx.o(.text)
    CAN1_RX1_IRQHandler                      0x0800029b   Thumb Code     0  startup_stm32f407xx.o(.text)
    CAN1_SCE_IRQHandler                      0x0800029b   Thumb Code     0  startup_stm32f407xx.o(.text)
    CAN1_TX_IRQHandler                       0x0800029b   Thumb Code     0  startup_stm32f407xx.o(.text)
    CAN2_RX0_IRQHandler                      0x0800029b   Thumb Code     0  startup_stm32f407xx.o(.text)
    CAN2_RX1_IRQHandler                      0x0800029b   Thumb Code     0  startup_stm32f407xx.o(.text)
    CAN2_SCE_IRQHandler                      0x0800029b   Thumb Code     0  startup_stm32f407xx.o(.text)
    CAN2_TX_IRQHandler                       0x0800029b   Thumb Code     0  startup_stm32f407xx.o(.text)
    DCMI_IRQHandler                          0x0800029b   Thumb Code     0  startup_stm32f407xx.o(.text)
    DMA1_Stream0_IRQHandler                  0x0800029b   Thumb Code     0  startup_stm32f407xx.o(.text)
    DMA1_Stream1_IRQHandler                  0x0800029b   Thumb Code     0  startup_stm32f407xx.o(.text)
    DMA1_Stream2_IRQHandler                  0x0800029b   Thumb Code     0  startup_stm32f407xx.o(.text)
    DMA1_Stream3_IRQHandler                  0x0800029b   Thumb Code     0  startup_stm32f407xx.o(.text)
    DMA1_Stream4_IRQHandler                  0x0800029b   Thumb Code     0  startup_stm32f407xx.o(.text)
    DMA1_Stream5_IRQHandler                  0x0800029b   Thumb Code     0  startup_stm32f407xx.o(.text)
    DMA1_Stream6_IRQHandler                  0x0800029b   Thumb Code     0  startup_stm32f407xx.o(.text)
    DMA1_Stream7_IRQHandler                  0x0800029b   Thumb Code     0  startup_stm32f407xx.o(.text)
    DMA2_Stream0_IRQHandler                  0x0800029b   Thumb Code     0  startup_stm32f407xx.o(.text)
    DMA2_Stream1_IRQHandler                  0x0800029b   Thumb Code     0  startup_stm32f407xx.o(.text)
    DMA2_Stream2_IRQHandler                  0x0800029b   Thumb Code     0  startup_stm32f407xx.o(.text)
    DMA2_Stream3_IRQHandler                  0x0800029b   Thumb Code     0  startup_stm32f407xx.o(.text)
    DMA2_Stream4_IRQHandler                  0x0800029b   Thumb Code     0  startup_stm32f407xx.o(.text)
    DMA2_Stream5_IRQHandler                  0x0800029b   Thumb Code     0  startup_stm32f407xx.o(.text)
    DMA2_Stream6_IRQHandler                  0x0800029b   Thumb Code     0  startup_stm32f407xx.o(.text)
    DMA2_Stream7_IRQHandler                  0x0800029b   Thumb Code     0  startup_stm32f407xx.o(.text)
    ETH_IRQHandler                           0x0800029b   Thumb Code     0  startup_stm32f407xx.o(.text)
    ETH_WKUP_IRQHandler                      0x0800029b   Thumb Code     0  startup_stm32f407xx.o(.text)
    EXTI0_IRQHandler                         0x0800029b   Thumb Code     0  startup_stm32f407xx.o(.text)
    EXTI15_10_IRQHandler                     0x0800029b   Thumb Code     0  startup_stm32f407xx.o(.text)
    EXTI1_IRQHandler                         0x0800029b   Thumb Code     0  startup_stm32f407xx.o(.text)
    EXTI2_IRQHandler                         0x0800029b   Thumb Code     0  startup_stm32f407xx.o(.text)
    EXTI3_IRQHandler                         0x0800029b   Thumb Code     0  startup_stm32f407xx.o(.text)
    EXTI4_IRQHandler                         0x0800029b   Thumb Code     0  startup_stm32f407xx.o(.text)
    EXTI9_5_IRQHandler                       0x0800029b   Thumb Code     0  startup_stm32f407xx.o(.text)
    FLASH_IRQHandler                         0x0800029b   Thumb Code     0  startup_stm32f407xx.o(.text)
    FMC_IRQHandler                           0x0800029b   Thumb Code     0  startup_stm32f407xx.o(.text)
    FPU_IRQHandler                           0x0800029b   Thumb Code     0  startup_stm32f407xx.o(.text)
    HASH_RNG_IRQHandler                      0x0800029b   Thumb Code     0  startup_stm32f407xx.o(.text)
    I2C1_ER_IRQHandler                       0x0800029b   Thumb Code     0  startup_stm32f407xx.o(.text)
    I2C1_EV_IRQHandler                       0x0800029b   Thumb Code     0  startup_stm32f407xx.o(.text)
    I2C2_ER_IRQHandler                       0x0800029b   Thumb Code     0  startup_stm32f407xx.o(.text)
    I2C2_EV_IRQHandler                       0x0800029b   Thumb Code     0  startup_stm32f407xx.o(.text)
    I2C3_ER_IRQHandler                       0x0800029b   Thumb Code     0  startup_stm32f407xx.o(.text)
    I2C3_EV_IRQHandler                       0x0800029b   Thumb Code     0  startup_stm32f407xx.o(.text)
    OTG_FS_IRQHandler                        0x0800029b   Thumb Code     0  startup_stm32f407xx.o(.text)
    OTG_FS_WKUP_IRQHandler                   0x0800029b   Thumb Code     0  startup_stm32f407xx.o(.text)
    OTG_HS_EP1_IN_IRQHandler                 0x0800029b   Thumb Code     0  startup_stm32f407xx.o(.text)
    OTG_HS_EP1_OUT_IRQHandler                0x0800029b   Thumb Code     0  startup_stm32f407xx.o(.text)
    OTG_HS_IRQHandler                        0x0800029b   Thumb Code     0  startup_stm32f407xx.o(.text)
    OTG_HS_WKUP_IRQHandler                   0x0800029b   Thumb Code     0  startup_stm32f407xx.o(.text)
    PVD_IRQHandler                           0x0800029b   Thumb Code     0  startup_stm32f407xx.o(.text)
    RCC_IRQHandler                           0x0800029b   Thumb Code     0  startup_stm32f407xx.o(.text)
    RTC_Alarm_IRQHandler                     0x0800029b   Thumb Code     0  startup_stm32f407xx.o(.text)
    RTC_WKUP_IRQHandler                      0x0800029b   Thumb Code     0  startup_stm32f407xx.o(.text)
    SDIO_IRQHandler                          0x0800029b   Thumb Code     0  startup_stm32f407xx.o(.text)
    SPI1_IRQHandler                          0x0800029b   Thumb Code     0  startup_stm32f407xx.o(.text)
    SPI2_IRQHandler                          0x0800029b   Thumb Code     0  startup_stm32f407xx.o(.text)
    SPI3_IRQHandler                          0x0800029b   Thumb Code     0  startup_stm32f407xx.o(.text)
    TAMP_STAMP_IRQHandler                    0x0800029b   Thumb Code     0  startup_stm32f407xx.o(.text)
    TIM1_BRK_TIM9_IRQHandler                 0x0800029b   Thumb Code     0  startup_stm32f407xx.o(.text)
    TIM1_CC_IRQHandler                       0x0800029b   Thumb Code     0  startup_stm32f407xx.o(.text)
    TIM1_TRG_COM_TIM11_IRQHandler            0x0800029b   Thumb Code     0  startup_stm32f407xx.o(.text)
    TIM1_UP_TIM10_IRQHandler                 0x0800029b   Thumb Code     0  startup_stm32f407xx.o(.text)
    TIM3_IRQHandler                          0x0800029b   Thumb Code     0  startup_stm32f407xx.o(.text)
    TIM4_IRQHandler                          0x0800029b   Thumb Code     0  startup_stm32f407xx.o(.text)
    TIM5_IRQHandler                          0x0800029b   Thumb Code     0  startup_stm32f407xx.o(.text)
    TIM6_DAC_IRQHandler                      0x0800029b   Thumb Code     0  startup_stm32f407xx.o(.text)
    TIM7_IRQHandler                          0x0800029b   Thumb Code     0  startup_stm32f407xx.o(.text)
    TIM8_BRK_TIM12_IRQHandler                0x0800029b   Thumb Code     0  startup_stm32f407xx.o(.text)
    TIM8_CC_IRQHandler                       0x0800029b   Thumb Code     0  startup_stm32f407xx.o(.text)
    TIM8_TRG_COM_TIM14_IRQHandler            0x0800029b   Thumb Code     0  startup_stm32f407xx.o(.text)
    TIM8_UP_TIM13_IRQHandler                 0x0800029b   Thumb Code     0  startup_stm32f407xx.o(.text)
    WWDG_IRQHandler                          0x0800029b   Thumb Code     0  startup_stm32f407xx.o(.text)
    __user_initial_stackheap                 0x0800029d   Thumb Code     0  startup_stm32f407xx.o(.text)
    __aeabi_uldivmod                         0x080002c1   Thumb Code     0  lludivv7m.o(.text)
    _ll_udiv                                 0x080002c1   Thumb Code   240  lludivv7m.o(.text)
    __2snprintf                              0x080003b1   Thumb Code    58  __2snprintf.o(.text)
    _printf_str                              0x080003f1   Thumb Code    82  _printf_str.o(.text)
    _printf_int_dec                          0x08000445   Thumb Code   104  _printf_dec.o(.text)
    __printf                                 0x080004bd   Thumb Code   388  __printf_flags_ss_wp.o(.text)
    __aeabi_memclr4                          0x08000645   Thumb Code     0  rt_memclr_w.o(.text)
    __aeabi_memclr8                          0x08000645   Thumb Code     0  rt_memclr_w.o(.text)
    __rt_memclr_w                            0x08000645   Thumb Code     0  rt_memclr_w.o(.text)
    _memset_w                                0x08000649   Thumb Code    74  rt_memclr_w.o(.text)
    __use_two_region_memory                  0x08000693   Thumb Code     2  heapauxi.o(.text)
    __rt_heap_escrow$2region                 0x08000695   Thumb Code     2  heapauxi.o(.text)
    __rt_heap_expand$2region                 0x08000697   Thumb Code     2  heapauxi.o(.text)
    _printf_int_common                       0x08000699   Thumb Code   178  _printf_intcommon.o(.text)
    _printf_fp_dec_real                      0x080008fb   Thumb Code   620  _printf_fp_dec.o(.text)
    _printf_char_common                      0x08000b73   Thumb Code    32  _printf_char_common.o(.text)
    _snputc                                  0x08000b99   Thumb Code    16  _snputc.o(.text)
    _printf_cs_common                        0x08000ba9   Thumb Code    20  _printf_char.o(.text)
    _printf_char                             0x08000bbd   Thumb Code    16  _printf_char.o(.text)
    _printf_string                           0x08000bcd   Thumb Code     8  _printf_char.o(.text)
    __rt_locale                              0x08000bd5   Thumb Code     8  rt_locale_intlibspace.o(.text)
    _ll_udiv10                               0x08000bdd   Thumb Code   138  lludiv10.o(.text)
    _printf_fp_infnan                        0x08000c69   Thumb Code   112  _printf_fp_infnan.o(.text)
    _btod_etento                             0x08000ce9   Thumb Code   224  bigflt0.o(.text)
    __user_libspace                          0x08000dcd   Thumb Code     8  libspace.o(.text)
    __user_perproc_libspace                  0x08000dcd   Thumb Code     0  libspace.o(.text)
    __user_perthread_libspace                0x08000dcd   Thumb Code     0  libspace.o(.text)
    __user_setup_stackheap                   0x08000dd5   Thumb Code    74  sys_stackheap_outer.o(.text)
    exit                                     0x08000e1f   Thumb Code    18  exit.o(.text)
    strcmp                                   0x08000e31   Thumb Code   124  strcmpv7em.o(.text)
    _sys_exit                                0x08000ead   Thumb Code     8  sys_exit.o(.text)
    __I$use$semihosting                      0x08000eb9   Thumb Code     0  use_no_semi.o(.text)
    __use_no_semihosting_swi                 0x08000eb9   Thumb Code     2  use_no_semi.o(.text)
    __semihosting_library_function           0x08000ebb   Thumb Code     0  indicate_semi.o(.text)
    Abs                                      0x08000ebd   Thumb Code     6  pid.o(.text.Abs)
    Action_PlaceLoadedQRCodeTasks1           0x08001021   Thumb Code   484  action.o(.text.Action_PlaceLoadedQRCodeTasks1)
    Action_PlaceLoadedQRCodeTasks1_C         0x0800120d   Thumb Code   484  action.o(.text.Action_PlaceLoadedQRCodeTasks1_C)
    Action_PlaceLoadedQRCodeTasks2           0x080013f9   Thumb Code   484  action.o(.text.Action_PlaceLoadedQRCodeTasks2)
    Action_RecoverGroundQRCodeTasks          0x080015e5   Thumb Code   676  action.o(.text.Action_RecoverGroundQRCodeTasks)
    Action_RunQRCodeTasks_Pos                0x08001891   Thumb Code    70  action.o(.text.Action_RunQRCodeTasks_Pos)
    Bluetooth_Init                           0x080018d9   Thumb Code    16  bluetooth.o(.text.Bluetooth_Init)
    Bluetooth_SendAngle                      0x080018e9   Thumb Code   100  bluetooth.o(.text.Bluetooth_SendAngle)
    Bluetooth_SendQRCode                     0x08001965   Thumb Code    80  bluetooth.o(.text.Bluetooth_SendQRCode)
    Bluetooth_TxCplt                         0x080019c9   Thumb Code    14  bluetooth.o(.text.Bluetooth_TxCplt)
    BusFault_Handler                         0x080019d9   Thumb Code     2  stm32f4xx_it.o(.text.BusFault_Handler)
    Button_Init                              0x080019dd   Thumb Code    68  button.o(.text.Button_Init)
    Button_IsStartPressed                    0x08001a21   Thumb Code    48  button.o(.text.Button_IsStartPressed)
    CarStraight_Control                      0x08001a51   Thumb Code   572  gc_chassis_control.o(.text.CarStraight_Control)
    CarStraight_Stop                         0x08001ca1   Thumb Code    76  gc_chassis_control.o(.text.CarStraight_Stop)
    DWT_Delay_Init                           0x08001e4d   Thumb Code    46  delay.o(.text.DWT_Delay_Init)
    DebugMon_Handler                         0x08001e7d   Thumb Code     2  stm32f4xx_it.o(.text.DebugMon_Handler)
    Enable                                   0x08001eb1   Thumb Code    96  motor_move.o(.text.Enable)
    Encoder_Reset                            0x08001f11   Thumb Code    24  encoder_f407.o(.text.Encoder_Reset)
    Encoder_init                             0x08001f29   Thumb Code   202  encoder_f407.o(.text.Encoder_init)
    Encoder_task                             0x08001ff5   Thumb Code    64  encoder_f407.o(.text.Encoder_task)
    Error_Handler                            0x08002035   Thumb Code    10  main.o(.text.Error_Handler)
    FieldPos_Block                           0x08002041   Thumb Code    28  gc_chassis_control.o(.text.FieldPos_Block)
    FieldPos_BlockAbs                        0x0800205d   Thumb Code    28  gc_chassis_control.o(.text.FieldPos_BlockAbs)
    FieldPos_Control                         0x08002079   Thumb Code   916  gc_chassis_control.o(.text.FieldPos_Control)
    FieldPos_Start                           0x08002429   Thumb Code   708  gc_chassis_control.o(.text.FieldPos_Start)
    FieldPos_StartAbs                        0x080026fd   Thumb Code   704  gc_chassis_control.o(.text.FieldPos_StartAbs)
    GC_Task_GetState                         0x080029cd   Thumb Code    12  gc_task.o(.text.GC_Task_GetState)
    GC_Task_Init                             0x080029d9   Thumb Code    54  gc_task.o(.text.GC_Task_Init)
    GC_Task_Run_Pos                          0x08002aa5   Thumb Code  2008  gc_task.o(.text.GC_Task_Run_Pos)
    HAL_DMA_Abort                            0x0800329d   Thumb Code   142  stm32f4xx_hal_dma.o(.text.HAL_DMA_Abort)
    HAL_DMA_Abort_IT                         0x0800332d   Thumb Code    36  stm32f4xx_hal_dma.o(.text.HAL_DMA_Abort_IT)
    HAL_Delay                                0x08003351   Thumb Code    40  stm32f4xx_hal.o(.text.HAL_Delay)
    HAL_GPIO_Init                            0x08003379   Thumb Code   414  stm32f4xx_hal_gpio.o(.text.HAL_GPIO_Init)
    HAL_GPIO_ReadPin                         0x08003519   Thumb Code    10  stm32f4xx_hal_gpio.o(.text.HAL_GPIO_ReadPin)
    HAL_GPIO_WritePin                        0x08003525   Thumb Code    10  stm32f4xx_hal_gpio.o(.text.HAL_GPIO_WritePin)
    HAL_GetTick                              0x08003531   Thumb Code    12  stm32f4xx_hal.o(.text.HAL_GetTick)
    HAL_IncTick                              0x0800353d   Thumb Code    26  stm32f4xx_hal.o(.text.HAL_IncTick)
    HAL_Init                                 0x08003559   Thumb Code    54  stm32f4xx_hal.o(.text.HAL_Init)
    HAL_InitTick                             0x08003591   Thumb Code    72  stm32f4xx_hal.o(.text.HAL_InitTick)
    HAL_MspInit                              0x080035d9   Thumb Code    56  stm32f4xx_hal_msp.o(.text.HAL_MspInit)
    HAL_NVIC_EnableIRQ                       0x08003611   Thumb Code    34  stm32f4xx_hal_cortex.o(.text.HAL_NVIC_EnableIRQ)
    HAL_NVIC_SetPriority                     0x08003635   Thumb Code    86  stm32f4xx_hal_cortex.o(.text.HAL_NVIC_SetPriority)
    HAL_NVIC_SetPriorityGrouping             0x0800368d   Thumb Code    32  stm32f4xx_hal_cortex.o(.text.HAL_NVIC_SetPriorityGrouping)
    HAL_RCC_ClockConfig                      0x080036ad   Thumb Code   356  stm32f4xx_hal_rcc.o(.text.HAL_RCC_ClockConfig)
    HAL_RCC_GetHCLKFreq                      0x08003811   Thumb Code    12  stm32f4xx_hal_rcc.o(.text.HAL_RCC_GetHCLKFreq)
    HAL_RCC_GetPCLK1Freq                     0x0800381d   Thumb Code    38  stm32f4xx_hal_rcc.o(.text.HAL_RCC_GetPCLK1Freq)
    HAL_RCC_GetPCLK2Freq                     0x08003845   Thumb Code    38  stm32f4xx_hal_rcc.o(.text.HAL_RCC_GetPCLK2Freq)
    HAL_RCC_GetSysClockFreq                  0x0800386d   Thumb Code   110  stm32f4xx_hal_rcc.o(.text.HAL_RCC_GetSysClockFreq)
    HAL_RCC_OscConfig                        0x080038dd   Thumb Code   940  stm32f4xx_hal_rcc.o(.text.HAL_RCC_OscConfig)
    HAL_SYSTICK_Config                       0x08003c89   Thumb Code    44  stm32f4xx_hal_cortex.o(.text.HAL_SYSTICK_Config)
    HAL_TIMEx_BreakCallback                  0x08003cb5   Thumb Code     2  stm32f4xx_hal_tim_ex.o(.text.HAL_TIMEx_BreakCallback)
    HAL_TIMEx_CommutCallback                 0x08003cb9   Thumb Code     2  stm32f4xx_hal_tim_ex.o(.text.HAL_TIMEx_CommutCallback)
    HAL_TIMEx_MasterConfigSynchronization    0x08003cbd   Thumb Code   186  stm32f4xx_hal_tim_ex.o(.text.HAL_TIMEx_MasterConfigSynchronization)
    HAL_TIM_Base_Init                        0x08003d79   Thumb Code    90  stm32f4xx_hal_tim.o(.text.HAL_TIM_Base_Init)
    HAL_TIM_Base_MspInit                     0x08003dd5   Thumb Code    66  main.o(.text.HAL_TIM_Base_MspInit)
    HAL_TIM_Base_Start                       0x08003e19   Thumb Code   162  stm32f4xx_hal_tim.o(.text.HAL_TIM_Base_Start)
    HAL_TIM_Base_Start_IT                    0x08003ebd   Thumb Code   170  stm32f4xx_hal_tim.o(.text.HAL_TIM_Base_Start_IT)
    HAL_TIM_ConfigClockSource                0x08003f69   Thumb Code   416  stm32f4xx_hal_tim.o(.text.HAL_TIM_ConfigClockSource)
    HAL_TIM_IC_CaptureCallback               0x08004109   Thumb Code     2  stm32f4xx_hal_tim.o(.text.HAL_TIM_IC_CaptureCallback)
    HAL_TIM_IRQHandler                       0x0800410d   Thumb Code   368  stm32f4xx_hal_tim.o(.text.HAL_TIM_IRQHandler)
    HAL_TIM_OC_DelayElapsedCallback          0x0800427d   Thumb Code     2  stm32f4xx_hal_tim.o(.text.HAL_TIM_OC_DelayElapsedCallback)
    HAL_TIM_PWM_PulseFinishedCallback        0x08004281   Thumb Code     2  stm32f4xx_hal_tim.o(.text.HAL_TIM_PWM_PulseFinishedCallback)
    HAL_TIM_PeriodElapsedCallback            0x08004285   Thumb Code    26  main.o(.text.HAL_TIM_PeriodElapsedCallback)
    HAL_TIM_SlaveConfigSynchro               0x080042a1   Thumb Code    88  stm32f4xx_hal_tim.o(.text.HAL_TIM_SlaveConfigSynchro)
    HAL_TIM_TriggerCallback                  0x080042f9   Thumb Code     2  stm32f4xx_hal_tim.o(.text.HAL_TIM_TriggerCallback)
    HAL_UARTEx_ReceiveToIdle_IT              0x080042fd   Thumb Code   212  stm32f4xx_hal_uart.o(.text.HAL_UARTEx_ReceiveToIdle_IT)
    HAL_UARTEx_RxEventCallback               0x080043d1   Thumb Code    44  lobotservocontroller.o(.text.HAL_UARTEx_RxEventCallback)
    HAL_UART_AbortReceiveCpltCallback        0x080043fd   Thumb Code     2  stm32f4xx_hal_uart.o(.text.HAL_UART_AbortReceiveCpltCallback)
    HAL_UART_AbortReceive_IT                 0x08004401   Thumb Code   372  stm32f4xx_hal_uart.o(.text.HAL_UART_AbortReceive_IT)
    HAL_UART_ErrorCallback                   0x08004575   Thumb Code    28  main.o(.text.HAL_UART_ErrorCallback)
    HAL_UART_IRQHandler                      0x08004591   Thumb Code  1384  stm32f4xx_hal_uart.o(.text.HAL_UART_IRQHandler)
    HAL_UART_Init                            0x08004af9   Thumb Code    94  stm32f4xx_hal_uart.o(.text.HAL_UART_Init)
    HAL_UART_MspInit                         0x08004b59   Thumb Code   636  usart.o(.text.HAL_UART_MspInit)
    HAL_UART_Receive                         0x08004dd5   Thumb Code   450  stm32f4xx_hal_uart.o(.text.HAL_UART_Receive)
    HAL_UART_Receive_IT                      0x08004f99   Thumb Code    96  stm32f4xx_hal_uart.o(.text.HAL_UART_Receive_IT)
    HAL_UART_RxCpltCallback                  0x08004ff9   Thumb Code    30  main.o(.text.HAL_UART_RxCpltCallback)
    HAL_UART_Transmit                        0x08005019   Thumb Code   642  stm32f4xx_hal_uart.o(.text.HAL_UART_Transmit)
    HAL_UART_TxCpltCallback                  0x0800529d   Thumb Code     4  main.o(.text.HAL_UART_TxCpltCallback)
    HWT101_Init                              0x080052a1   Thumb Code   168  hwt101.o(.text.HWT101_Init)
    HardFault_Handler                        0x08005351   Thumb Code     2  stm32f4xx_it.o(.text.HardFault_Handler)
    InPlaceTurnMm_Control                    0x08005355   Thumb Code   484  gc_chassis_control.o(.text.InPlaceTurnMm_Control)
    InPlaceTurn_Control                      0x0800554d   Thumb Code   420  gc_chassis_control.o(.text.InPlaceTurn_Control)
    Laser_Init                               0x08005705   Thumb Code    90  laser.o(.text.Laser_Init)
    Laser_Off                                0x08005761   Thumb Code    18  laser.o(.text.Laser_Off)
    Laser_On                                 0x08005775   Thumb Code    18  laser.o(.text.Laser_On)
    LimitValue                               0x08005789   Thumb Code    30  pid.o(.text.LimitValue)
    LobotServo_Init                          0x080057a9   Thumb Code    24  lobotservocontroller.o(.text.LobotServo_Init)
    MX_GPIO_Init                             0x080057c1   Thumb Code   152  gpio.o(.text.MX_GPIO_Init)
    MX_UART4_Init                            0x08005859   Thumb Code    60  usart.o(.text.MX_UART4_Init)
    MX_UART5_Init                            0x08005895   Thumb Code    60  usart.o(.text.MX_UART5_Init)
    MX_USART1_UART_Init                      0x080058d1   Thumb Code    60  usart.o(.text.MX_USART1_UART_Init)
    MX_USART2_UART_Init                      0x0800590d   Thumb Code    60  usart.o(.text.MX_USART2_UART_Init)
    MX_USART3_UART_Init                      0x08005949   Thumb Code    60  usart.o(.text.MX_USART3_UART_Init)
    MX_USART6_UART_Init                      0x08005985   Thumb Code    60  usart.o(.text.MX_USART6_UART_Init)
    MemManage_Handler                        0x080059c1   Thumb Code     2  stm32f4xx_it.o(.text.MemManage_Handler)
    Motor_ClearPosition                      0x080059c5   Thumb Code   138  zhangdatou.o(.text.Motor_ClearPosition)
    Motor_Enable                             0x08005a51   Thumb Code    62  zhangdatou.o(.text.Motor_Enable)
    Motor_GetLastComStatus                   0x08005a91   Thumb Code    42  zhangdatou.o(.text.Motor_GetLastComStatus)
    Motor_Init                               0x08005abd   Thumb Code    12  zhangdatou.o(.text.Motor_Init)
    Motor_IsComBusy                          0x08005ac9   Thumb Code    46  zhangdatou.o(.text.Motor_IsComBusy)
    Motor_Move_ReadPos                       0x08005af9   Thumb Code   220  motor_move.o(.text.Motor_Move_ReadPos)
    Motor_PositionControl                    0x08005bd5   Thumb Code   108  zhangdatou.o(.text.Motor_PositionControl)
    Motor_ReadPosition                       0x08005c41   Thumb Code    92  zhangdatou.o(.text.Motor_ReadPosition)
    Motor_RequestPositionUpdate              0x08005ca5   Thumb Code    10  zhangdatou.o(.text.Motor_RequestPositionUpdate)
    Motor_SpeedControl                       0x08005cb1   Thumb Code    92  zhangdatou.o(.text.Motor_SpeedControl)
    Motor_Stop                               0x08005db9   Thumb Code    58  zhangdatou.o(.text.Motor_Stop)
    Motor_SyncStart                          0x08005df5   Thumb Code    44  zhangdatou.o(.text.Motor_SyncStart)
    Motor_UART_ErrorCallback                 0x08005e21   Thumb Code    34  zhangdatou.o(.text.Motor_UART_ErrorCallback)
    Motor_UART_RxCpltCallback                0x08005e45   Thumb Code   314  zhangdatou.o(.text.Motor_UART_RxCpltCallback)
    NMI_Handler                              0x08005f81   Thumb Code     2  stm32f4xx_it.o(.text.NMI_Handler)
    PID_Config_Init                          0x08005f85   Thumb Code   672  gc_chassis_control.o(.text.PID_Config_Init)
    PID_Control                              0x08006225   Thumb Code   248  pid.o(.text.PID_Control)
    PID_Cycle_Reset                          0x08006321   Thumb Code    24  pid.o(.text.PID_Cycle_Reset)
    PID_Cycle_SetEnable                      0x08006339   Thumb Code    16  pid.o(.text.PID_Cycle_SetEnable)
    ParseAndPrintData                        0x08006349   Thumb Code   192  hwt101.o(.text.ParseAndPrintData)
    PendSV_Handler                           0x08006421   Thumb Code     2  stm32f4xx_it.o(.text.PendSV_Handler)
    Pos_Run                                  0x08006425   Thumb Code    62  motor_move.o(.text.Pos_Run)
    Pos_RunBack                              0x08006465   Thumb Code   350  motor_move.o(.text.Pos_RunBack)
    Pos_RunLeft                              0x080065c5   Thumb Code   350  motor_move.o(.text.Pos_RunLeft)
    Pos_RunRight                             0x08006725   Thumb Code   350  motor_move.o(.text.Pos_RunRight)
    Pos_RunStraight                          0x08006885   Thumb Code   354  motor_move.o(.text.Pos_RunStraight)
    Pos_youxiaxie                            0x080069e9   Thumb Code   270  motor_move.o(.text.Pos_youxiaxie)
    Pos_zuoxie                               0x08006af9   Thumb Code   270  motor_move.o(.text.Pos_zuoxie)
    QRcode_Init                              0x08006c09   Thumb Code    54  qrcode.o(.text.QRcode_Init)
    QRcode_UART_ErrorCallback                0x08006c41   Thumb Code    70  qrcode.o(.text.QRcode_UART_ErrorCallback)
    QRcode_UART_RxCpltCallback               0x08006c89   Thumb Code   262  qrcode.o(.text.QRcode_UART_RxCpltCallback)
    QRcode_WaitTaskGroupsAndStop             0x08006d91   Thumb Code   182  qrcode.o(.text.QRcode_WaitTaskGroupsAndStop)
    SVC_Handler                              0x08006fcd   Thumb Code     2  stm32f4xx_it.o(.text.SVC_Handler)
    Screen_Init                              0x08006fd1   Thumb Code    12  screen.o(.text.Screen_Init)
    Screen_SendQRCodeTasks                   0x08006fdd   Thumb Code   206  screen.o(.text.Screen_SendQRCodeTasks)
    Serial_Init                              0x080070ad   Thumb Code    16  serial.o(.text.Serial_Init)
    ServoMotorVision_Calibrate_Pos           0x0800712d   Thumb Code    48  servomotorcontrol.o(.text.ServoMotorVision_Calibrate_Pos)
    ServoMotorVision_Control                 0x0800715d   Thumb Code   464  servomotorcontrol.o(.text.ServoMotorVision_Control)
    ServoMotorVision_MoveServo0              0x08007331   Thumb Code    40  servomotorcontrol.o(.text.ServoMotorVision_MoveServo0)
    ServoMotorVision_Start                   0x08007359   Thumb Code   236  servomotorcontrol.o(.text.ServoMotorVision_Start)
    ServoMotorVision_Update                  0x08007445   Thumb Code    44  servomotorcontrol.o(.text.ServoMotorVision_Update)
    SysTick_Handler                          0x08007471   Thumb Code     4  stm32f4xx_it.o(.text.SysTick_Handler)
    SystemInit                               0x08007475   Thumb Code    18  system_stm32f4xx.o(.text.SystemInit)
    TIM2_IRQHandler                          0x08007489   Thumb Code    12  stm32f4xx_it.o(.text.TIM2_IRQHandler)
    TIM_Base_SetConfig                       0x08007495   Thumb Code   308  stm32f4xx_hal_tim.o(.text.TIM_Base_SetConfig)
    UART4_IRQHandler                         0x080076c5   Thumb Code    12  stm32f4xx_it.o(.text.UART4_IRQHandler)
    UART5_IRQHandler                         0x080076d1   Thumb Code    12  stm32f4xx_it.o(.text.UART5_IRQHandler)
    USART1_IRQHandler                        0x080078e5   Thumb Code    12  stm32f4xx_it.o(.text.USART1_IRQHandler)
    USART2_IRQHandler                        0x080078f1   Thumb Code    12  stm32f4xx_it.o(.text.USART2_IRQHandler)
    USART3_IRQHandler                        0x080078fd   Thumb Code    12  stm32f4xx_it.o(.text.USART3_IRQHandler)
    USART6_IRQHandler                        0x08007909   Thumb Code    12  stm32f4xx_it.o(.text.USART6_IRQHandler)
    UsageFault_Handler                       0x08007915   Thumb Code     2  stm32f4xx_it.o(.text.UsageFault_Handler)
    VisionPrecision_Calibrate                0x08007919   Thumb Code   172  gc_chassis_control.o(.text.VisionPrecision_Calibrate)
    VisionPrecision_Calibrate2               0x080079c9   Thumb Code   172  gc_chassis_control.o(.text.VisionPrecision_Calibrate2)
    VisionPrecision_Control                  0x08007a79   Thumb Code   700  gc_chassis_control.o(.text.VisionPrecision_Control)
    VisionPrecision_Start                    0x08007d49   Thumb Code   644  gc_chassis_control.o(.text.VisionPrecision_Start)
    VisionPrecision_Update                   0x08007fe1   Thumb Code    44  gc_chassis_control.o(.text.VisionPrecision_Update)
    Vision_UART_StartCircle                  0x0800800d   Thumb Code    38  serial.o(.text.Vision_UART_StartCircle)
    Vision_UART_StartTask                    0x08008035   Thumb Code    54  serial.o(.text.Vision_UART_StartTask)
    Vision_UART_StopStream                   0x0800806d   Thumb Code    40  serial.o(.text.Vision_UART_StopStream)
    WS2812_BluePurpleFlow                    0x08008095   Thumb Code   304  ws2812.o(.text.WS2812_BluePurpleFlow)
    WS2812_Init                              0x080081d5   Thumb Code   386  ws2812.o(.text.WS2812_Init)
    WS2812_Rainbow                           0x08008359   Thumb Code   318  ws2812.o(.text.WS2812_Rainbow)
    WS2812_SetColor                          0x08008a5d   Thumb Code    16  ws2812.o(.text.WS2812_SetColor)
    WS2812_SetRGB                            0x08008a6d   Thumb Code   444  ws2812.o(.text.WS2812_SetRGB)
    ZAxis_Home                               0x08008c29   Thumb Code   258  motor_move.o(.text.ZAxis_Home)
    ZAxis_MoveRelative                       0x08008d2d   Thumb Code    68  motor_move.o(.text.ZAxis_MoveRelative)
    delay_ms                                 0x08008d71   Thumb Code    80  delay.o(.text.delay_ms)
    fang                                     0x08008dc1   Thumb Code    14  huaner_servo.o(.text.fang)
    fang1                                    0x08008dd1   Thumb Code    14  huaner_servo.o(.text.fang1)
    fangche1                                 0x08008de1   Thumb Code     8  huaner_servo.o(.text.fangche1)
    fangche2                                 0x08008de9   Thumb Code     8  huaner_servo.o(.text.fangche2)
    fangche3                                 0x08008df1   Thumb Code     8  huaner_servo.o(.text.fangche3)
    fangche_smooth_move                      0x08008df9   Thumb Code   294  huaner_servo.o(.text.fangche_smooth_move)
    get_encoder_point                        0x08008f21   Thumb Code    10  encoder_f407.o(.text.get_encoder_point)
    hwt_Handler                              0x08008f2d   Thumb Code   162  hwt101.o(.text.hwt_Handler)
    kanche                                   0x08008fd1   Thumb Code    12  huaner_servo.o(.text.kanche)
    kanche2                                  0x08008fdd   Thumb Code    12  huaner_servo.o(.text.kanche2)
    kandi                                    0x08008fe9   Thumb Code    10  huaner_servo.o(.text.kandi)
    main                                     0x08008ff5   Thumb Code   534  main.o(.text.main)
    moveServo                                0x0800920d   Thumb Code    90  lobotservocontroller.o(.text.moveServo)
    pit_control                              0x08009269   Thumb Code   236  gc_chassis_control.o(.text.pit_control)
    serial_ErrorHandler                      0x08009355   Thumb Code    28  serial.o(.text.serial_ErrorHandler)
    serial_Handler                           0x08009371   Thumb Code   660  serial.o(.text.serial_Handler)
    servo13_Home                             0x08009609   Thumb Code   314  lobotservocontroller.o(.text.servo13_Home)
    servo13_SetSpeed                         0x08009745   Thumb Code    84  lobotservocontroller.o(.text.servo13_SetSpeed)
    zhua                                     0x08009799   Thumb Code    12  huaner_servo.o(.text.zhua)
    zhuafang7                                0x080097a5   Thumb Code    90  action.o(.text.zhuafang7)
    zhuafang7_2                              0x08009801   Thumb Code    90  action.o(.text.zhuafang7_2)
    _btod_d2e                                0x0800985b   Thumb Code    62  btod.o(CL$$btod_d2e)
    _d2e_denorm_low                          0x08009899   Thumb Code    70  btod.o(CL$$btod_d2e_denorm_low)
    _d2e_norm_op1                            0x080098df   Thumb Code    96  btod.o(CL$$btod_d2e_norm_op1)
    __btod_div_common                        0x08009941   Thumb Code   696  btod.o(CL$$btod_div_common)
    _e2e                                     0x08009c79   Thumb Code   220  btod.o(CL$$btod_e2e)
    _btod_ediv                               0x08009d55   Thumb Code    42  btod.o(CL$$btod_ediv)
    _btod_emul                               0x08009d7f   Thumb Code    42  btod.o(CL$$btod_emul)
    __btod_mult_common                       0x08009da9   Thumb Code   580  btod.o(CL$$btod_mult_common)
    __ARM_fpclassify                         0x08009fed   Thumb Code    48  fpclassify.o(i.__ARM_fpclassify)
    _is_digit                                0x0800a01d   Thumb Code    14  __printf_wp.o(i._is_digit)
    _get_lc_numeric                          0x0800a02d   Thumb Code    44  lc_numeric_c.o(locale$$code)
    __aeabi_d2f                              0x0800a059   Thumb Code     0  d2f.o(x$fpl$d2f)
    _d2f                                     0x0800a059   Thumb Code    98  d2f.o(x$fpl$d2f)
    __aeabi_i2d                              0x0800a0bb   Thumb Code     0  dflt_clz.o(x$fpl$dflt)
    _dflt                                    0x0800a0bb   Thumb Code    46  dflt_clz.o(x$fpl$dflt)
    __aeabi_dmul                             0x0800a0e9   Thumb Code     0  dmul.o(x$fpl$dmul)
    _dmul                                    0x0800a0e9   Thumb Code   332  dmul.o(x$fpl$dmul)
    __fpl_dnaninf                            0x0800a23d   Thumb Code   156  dnaninf.o(x$fpl$dnaninf)
    __fpl_dretinf                            0x0800a2d9   Thumb Code    12  dretinf.o(x$fpl$dretinf)
    __aeabi_f2d                              0x0800a2e5   Thumb Code     0  f2d.o(x$fpl$f2d)
    _f2d                                     0x0800a2e5   Thumb Code    86  f2d.o(x$fpl$f2d)
    __fpl_fnaninf                            0x0800a33b   Thumb Code   140  fnaninf.o(x$fpl$fnaninf)
    _fp_init                                 0x0800a3c7   Thumb Code    26  fpinit.o(x$fpl$fpinit)
    __fplib_config_fpu_vfp                   0x0800a3df   Thumb Code     0  fpinit.o(x$fpl$fpinit)
    __fplib_config_pureend_doubles           0x0800a3df   Thumb Code     0  fpinit.o(x$fpl$fpinit)
    __fpl_fretinf                            0x0800a3e1   Thumb Code    10  fretinf.o(x$fpl$fretinf)
    _printf_fp_dec                           0x0800a3eb   Thumb Code     4  printf1.o(x$fpl$printf1)
    __I$use$fp                               0x0800a3ee   Number         0  usenofp.o(x$fpl$usenofp)
    AHBPrescTable                            0x0800a494   Data          16  system_stm32f4xx.o(.rodata.AHBPrescTable)
    APBPrescTable                            0x0800a4a4   Data           8  system_stm32f4xx.o(.rodata.APBPrescTable)
    Region$$Table$$Base                      0x0800a4bc   Number         0  anon$$obj.o(Region$$Table)
    Region$$Table$$Limit                     0x0800a4dc   Number         0  anon$$obj.o(Region$$Table)
    uwTickFreq                               0x20000010   Data           1  stm32f4xx_hal.o(.data..L_MergedGlobals)
    uwTickPrio                               0x20000014   Data           4  stm32f4xx_hal.o(.data..L_MergedGlobals)
    SystemCoreClock                          0x20000018   Data           4  system_stm32f4xx.o(.data.SystemCoreClock)
    chassis_motor_slope                      0x2000001c   Data           2  gc_chassis_control.o(.data.chassis_motor_slope)
    guiling                                  0x20000020   Data           5  hwt101.o(.data.guiling)
    __libspace_start                         0x20000030   Data          96  libspace.o(.bss)
    __temporary_stack_top$libspace           0x20000090   Data           0  libspace.o(.bss)
    new_data_received                        0x200000f0   Data           1  hwt101.o(.bss..L_MergedGlobals)
    angular_velocity_y                       0x200000f8   Data           4  hwt101.o(.bss..L_MergedGlobals)
    angular_velocity_z                       0x200000fc   Data           4  hwt101.o(.bss..L_MergedGlobals)
    global_angle                             0x20000100   Data           8  hwt101.o(.bss..L_MergedGlobals)
    received_data_packet                     0x20000108   Data          11  hwt101.o(.bss..L_MergedGlobals)
    Serial_RxByte                            0x20000120   Data           1  serial.o(.bss..L_MergedGlobals)
    qrcode_task_ready                        0x20000148   Data           1  qrcode.o(.bss..L_MergedGlobals)
    qrcode_last_error                        0x20000149   Data           1  qrcode.o(.bss..L_MergedGlobals)
    qrcode_update_count                      0x20000150   Data           4  qrcode.o(.bss..L_MergedGlobals)
    qrcode_task_array                        0x20000158   Data           6  qrcode.o(.bss..L_MergedGlobals)
    pit_1ms_pending                          0x20000168   Data           4  gc_chassis_control.o(.bss..L_MergedGlobals)
    system_count                             0x2000016c   Data           4  gc_chassis_control.o(.bss..L_MergedGlobals)
    isUartRxCompleted                        0x200001c8   Data           1  lobotservocontroller.o(.bss..L_MergedGlobals)
    batteryVolt                              0x200001ca   Data           2  lobotservocontroller.o(.bss..L_MergedGlobals)
    LobotRxBuf                               0x200001cc   Data          16  lobotservocontroller.o(.bss..L_MergedGlobals)
    LobotTxBuf                               0x2000023c   Data         128  lobotservocontroller.o(.bss.LobotTxBuf)
    car_straight                             0x200002bc   Data         220  gc_chassis_control.o(.bss.car_straight)
    field_pos                                0x2000039c   Data         292  gc_chassis_control.o(.bss.field_pos)
    htim2                                    0x200004e4   Data          72  main.o(.bss.htim2)
    huart1                                   0x2000052c   Data          68  usart.o(.bss.huart1)
    huart2                                   0x20000570   Data          68  usart.o(.bss.huart2)
    huart3                                   0x200005b4   Data          68  usart.o(.bss.huart3)
    huart4                                   0x200005f8   Data          68  usart.o(.bss.huart4)
    huart5                                   0x2000063c   Data          68  usart.o(.bss.huart5)
    huart6                                   0x20000680   Data          68  usart.o(.bss.huart6)
    in_place_turn                            0x200006c4   Data         108  gc_chassis_control.o(.bss.in_place_turn)
    in_place_turn_mm                         0x20000730   Data         112  gc_chassis_control.o(.bss.in_place_turn_mm)
    servo_motor_vision                       0x200007a0   Data         228  servomotorcontrol.o(.bss.servo_motor_vision)
    uwTick                                   0x20000884   Data           4  stm32f4xx_hal.o(.bss.uwTick)
    vision_precision                         0x20000888   Data         264  gc_chassis_control.o(.bss.vision_precision)



==============================================================================

Memory Map of the image

  Image Entry point : 0x08000189

  Load Region LR_IROM1 (Base: 0x08000000, Size: 0x0000a528, Max: 0x00080000, ABSOLUTE)

    Execution Region ER_IROM1 (Exec base: 0x08000000, Load base: 0x08000000, Size: 0x0000a4f8, Max: 0x00080000, ABSOLUTE)

    Exec Addr    Load Addr    Size         Type   Attr      Idx    E Section Name        Object

    0x08000000   0x08000000   0x00000188   Data   RO            3    RESET               startup_stm32f407xx.o
    0x08000188   0x08000188   0x00000008   Code   RO         1658  * !!!main             c_w.l(__main.o)
    0x08000190   0x08000190   0x0000005c   Code   RO         1996    !!!scatter          c_w.l(__scatter.o)
    0x080001ec   0x080001ec   0x0000001a   Code   RO         2000    !!handler_copy      c_w.l(__scatter_copy.o)
    0x08000206   0x08000206   0x00000002   PAD
    0x08000208   0x08000208   0x00000002   Code   RO         1997    !!handler_null      c_w.l(__scatter.o)
    0x0800020a   0x0800020a   0x00000002   PAD
    0x0800020c   0x0800020c   0x0000001c   Code   RO         2002    !!handler_zi        c_w.l(__scatter_zi.o)
    0x08000228   0x08000228   0x00000000   Code   RO         1651    .ARM.Collect$$_printf_percent$$00000000  c_w.l(_printf_percent.o)
    0x08000228   0x08000228   0x00000006   Code   RO         1650    .ARM.Collect$$_printf_percent$$00000003  c_w.l(_printf_f.o)
    0x0800022e   0x0800022e   0x00000006   Code   RO         1648    .ARM.Collect$$_printf_percent$$00000009  c_w.l(_printf_d.o)
    0x08000234   0x08000234   0x00000006   Code   RO         1649    .ARM.Collect$$_printf_percent$$0000000A  c_w.l(_printf_u.o)
    0x0800023a   0x0800023a   0x00000006   Code   RO         1647    .ARM.Collect$$_printf_percent$$00000014  c_w.l(_printf_s.o)
    0x08000240   0x08000240   0x00000004   Code   RO         1738    .ARM.Collect$$_printf_percent$$00000017  c_w.l(_printf_percent_end.o)
    0x08000244   0x08000244   0x00000002   Code   RO         1856    .ARM.Collect$$libinit$$00000000  c_w.l(libinit.o)
    0x08000246   0x08000246   0x00000004   Code   RO         1857    .ARM.Collect$$libinit$$00000001  c_w.l(libinit2.o)
    0x0800024a   0x0800024a   0x00000000   Code   RO         1860    .ARM.Collect$$libinit$$00000004  c_w.l(libinit2.o)
    0x0800024a   0x0800024a   0x00000000   Code   RO         1862    .ARM.Collect$$libinit$$00000006  c_w.l(libinit2.o)
    0x0800024a   0x0800024a   0x00000000   Code   RO         1865    .ARM.Collect$$libinit$$0000000C  c_w.l(libinit2.o)
    0x0800024a   0x0800024a   0x00000000   Code   RO         1867    .ARM.Collect$$libinit$$0000000E  c_w.l(libinit2.o)
    0x0800024a   0x0800024a   0x00000000   Code   RO         1869    .ARM.Collect$$libinit$$00000010  c_w.l(libinit2.o)
    0x0800024a   0x0800024a   0x00000006   Code   RO         1870    .ARM.Collect$$libinit$$00000011  c_w.l(libinit2.o)
    0x08000250   0x08000250   0x00000000   Code   RO         1872    .ARM.Collect$$libinit$$00000013  c_w.l(libinit2.o)
    0x08000250   0x08000250   0x00000000   Code   RO         1874    .ARM.Collect$$libinit$$00000015  c_w.l(libinit2.o)
    0x08000250   0x08000250   0x00000000   Code   RO         1876    .ARM.Collect$$libinit$$00000017  c_w.l(libinit2.o)
    0x08000250   0x08000250   0x0000000a   Code   RO         1877    .ARM.Collect$$libinit$$00000018  c_w.l(libinit2.o)
    0x0800025a   0x0800025a   0x00000000   Code   RO         1878    .ARM.Collect$$libinit$$00000019  c_w.l(libinit2.o)
    0x0800025a   0x0800025a   0x00000000   Code   RO         1880    .ARM.Collect$$libinit$$0000001B  c_w.l(libinit2.o)
    0x0800025a   0x0800025a   0x00000000   Code   RO         1882    .ARM.Collect$$libinit$$0000001D  c_w.l(libinit2.o)
    0x0800025a   0x0800025a   0x00000000   Code   RO         1884    .ARM.Collect$$libinit$$0000001F  c_w.l(libinit2.o)
    0x0800025a   0x0800025a   0x00000000   Code   RO         1886    .ARM.Collect$$libinit$$00000021  c_w.l(libinit2.o)
    0x0800025a   0x0800025a   0x00000000   Code   RO         1888    .ARM.Collect$$libinit$$00000023  c_w.l(libinit2.o)
    0x0800025a   0x0800025a   0x00000000   Code   RO         1890    .ARM.Collect$$libinit$$00000025  c_w.l(libinit2.o)
    0x0800025a   0x0800025a   0x00000000   Code   RO         1892    .ARM.Collect$$libinit$$00000027  c_w.l(libinit2.o)
    0x0800025a   0x0800025a   0x00000000   Code   RO         1896    .ARM.Collect$$libinit$$0000002E  c_w.l(libinit2.o)
    0x0800025a   0x0800025a   0x00000000   Code   RO         1898    .ARM.Collect$$libinit$$00000030  c_w.l(libinit2.o)
    0x0800025a   0x0800025a   0x00000000   Code   RO         1900    .ARM.Collect$$libinit$$00000032  c_w.l(libinit2.o)
    0x0800025a   0x0800025a   0x00000000   Code   RO         1902    .ARM.Collect$$libinit$$00000034  c_w.l(libinit2.o)
    0x0800025a   0x0800025a   0x00000002   Code   RO         1903    .ARM.Collect$$libinit$$00000035  c_w.l(libinit2.o)
    0x0800025c   0x0800025c   0x00000002   Code   RO         1961    .ARM.Collect$$libshutdown$$00000000  c_w.l(libshutdown.o)
    0x0800025e   0x0800025e   0x00000000   Code   RO         1979    .ARM.Collect$$libshutdown$$00000002  c_w.l(libshutdown2.o)
    0x0800025e   0x0800025e   0x00000000   Code   RO         1981    .ARM.Collect$$libshutdown$$00000004  c_w.l(libshutdown2.o)
    0x0800025e   0x0800025e   0x00000000   Code   RO         1984    .ARM.Collect$$libshutdown$$00000007  c_w.l(libshutdown2.o)
    0x0800025e   0x0800025e   0x00000000   Code   RO         1987    .ARM.Collect$$libshutdown$$0000000A  c_w.l(libshutdown2.o)
    0x0800025e   0x0800025e   0x00000000   Code   RO         1989    .ARM.Collect$$libshutdown$$0000000C  c_w.l(libshutdown2.o)
    0x0800025e   0x0800025e   0x00000000   Code   RO         1992    .ARM.Collect$$libshutdown$$0000000F  c_w.l(libshutdown2.o)
    0x0800025e   0x0800025e   0x00000002   Code   RO         1993    .ARM.Collect$$libshutdown$$00000010  c_w.l(libshutdown2.o)
    0x08000260   0x08000260   0x00000000   Code   RO         1674    .ARM.Collect$$rtentry$$00000000  c_w.l(__rtentry.o)
    0x08000260   0x08000260   0x00000000   Code   RO         1766    .ARM.Collect$$rtentry$$00000002  c_w.l(__rtentry2.o)
    0x08000260   0x08000260   0x00000006   Code   RO         1778    .ARM.Collect$$rtentry$$00000004  c_w.l(__rtentry4.o)
    0x08000266   0x08000266   0x00000000   Code   RO         1768    .ARM.Collect$$rtentry$$00000009  c_w.l(__rtentry2.o)
    0x08000266   0x08000266   0x00000004   Code   RO         1769    .ARM.Collect$$rtentry$$0000000A  c_w.l(__rtentry2.o)
    0x0800026a   0x0800026a   0x00000000   Code   RO         1771    .ARM.Collect$$rtentry$$0000000C  c_w.l(__rtentry2.o)
    0x0800026a   0x0800026a   0x00000008   Code   RO         1772    .ARM.Collect$$rtentry$$0000000D  c_w.l(__rtentry2.o)
    0x08000272   0x08000272   0x00000002   Code   RO         1904    .ARM.Collect$$rtexit$$00000000  c_w.l(rtexit.o)
    0x08000274   0x08000274   0x00000000   Code   RO         1926    .ARM.Collect$$rtexit$$00000002  c_w.l(rtexit2.o)
    0x08000274   0x08000274   0x00000004   Code   RO         1927    .ARM.Collect$$rtexit$$00000003  c_w.l(rtexit2.o)
    0x08000278   0x08000278   0x00000006   Code   RO         1928    .ARM.Collect$$rtexit$$00000004  c_w.l(rtexit2.o)
    0x0800027e   0x0800027e   0x00000002   PAD
    0x08000280   0x08000280   0x00000040   Code   RO            4    .text               startup_stm32f407xx.o
    0x080002c0   0x080002c0   0x000000f0   Code   RO         1613    .text               c_w.l(lludivv7m.o)
    0x080003b0   0x080003b0   0x00000040   Code   RO         1617    .text               c_w.l(__2snprintf.o)
    0x080003f0   0x080003f0   0x00000052   Code   RO         1623    .text               c_w.l(_printf_str.o)
    0x08000442   0x08000442   0x00000002   PAD
    0x08000444   0x08000444   0x00000078   Code   RO         1625    .text               c_w.l(_printf_dec.o)
    0x080004bc   0x080004bc   0x00000188   Code   RO         1644    .text               c_w.l(__printf_flags_ss_wp.o)
    0x08000644   0x08000644   0x0000004e   Code   RO         1654    .text               c_w.l(rt_memclr_w.o)
    0x08000692   0x08000692   0x00000006   Code   RO         1656    .text               c_w.l(heapauxi.o)
    0x08000698   0x08000698   0x000000b2   Code   RO         1683    .text               c_w.l(_printf_intcommon.o)
    0x0800074a   0x0800074a   0x0000041c   Code   RO         1687    .text               c_w.l(_printf_fp_dec.o)
    0x08000b66   0x08000b66   0x00000002   PAD
    0x08000b68   0x08000b68   0x00000030   Code   RO         1691    .text               c_w.l(_printf_char_common.o)
    0x08000b98   0x08000b98   0x00000010   Code   RO         1693    .text               c_w.l(_snputc.o)
    0x08000ba8   0x08000ba8   0x0000002c   Code   RO         1695    .text               c_w.l(_printf_char.o)
    0x08000bd4   0x08000bd4   0x00000008   Code   RO         1785    .text               c_w.l(rt_locale_intlibspace.o)
    0x08000bdc   0x08000bdc   0x0000008a   Code   RO         1787    .text               c_w.l(lludiv10.o)
    0x08000c66   0x08000c66   0x00000002   PAD
    0x08000c68   0x08000c68   0x00000080   Code   RO         1792    .text               c_w.l(_printf_fp_infnan.o)
    0x08000ce8   0x08000ce8   0x000000e4   Code   RO         1798    .text               c_w.l(bigflt0.o)
    0x08000dcc   0x08000dcc   0x00000008   Code   RO         1834    .text               c_w.l(libspace.o)
    0x08000dd4   0x08000dd4   0x0000004a   Code   RO         1837    .text               c_w.l(sys_stackheap_outer.o)
    0x08000e1e   0x08000e1e   0x00000012   Code   RO         1843    .text               c_w.l(exit.o)
    0x08000e30   0x08000e30   0x0000007c   Code   RO         1849    .text               c_w.l(strcmpv7em.o)
    0x08000eac   0x08000eac   0x0000000c   Code   RO         1921    .text               c_w.l(sys_exit.o)
    0x08000eb8   0x08000eb8   0x00000002   Code   RO         1948    .text               c_w.l(use_no_semi.o)
    0x08000eba   0x08000eba   0x00000000   Code   RO         1950    .text               c_w.l(indicate_semi.o)
    0x08000eba   0x08000eba   0x00000002   PAD
    0x08000ebc   0x08000ebc   0x00000006   Code   RO          143    .text.Abs           pid.o
    0x08000ec2   0x08000ec2   0x00000002   PAD
    0x08000ec4   0x08000ec4   0x00000092   Code   RO          626    .text.Action_GrabFromCarSlot  action.o
    0x08000f56   0x08000f56   0x00000002   PAD
    0x08000f58   0x08000f58   0x000000c8   Code   RO          618    .text.Action_GrabToCarSlot  action.o
    0x08001020   0x08001020   0x000001ec   Code   RO          624    .text.Action_PlaceLoadedQRCodeTasks1  action.o
    0x0800120c   0x0800120c   0x000001ec   Code   RO          628    .text.Action_PlaceLoadedQRCodeTasks1_C  action.o
    0x080013f8   0x080013f8   0x000001ec   Code   RO          630    .text.Action_PlaceLoadedQRCodeTasks2  action.o
    0x080015e4   0x080015e4   0x000002ac   Code   RO          632    .text.Action_RecoverGroundQRCodeTasks  action.o
    0x08001890   0x08001890   0x00000046   Code   RO          620    .text.Action_RunQRCodeTasks_Pos  action.o
    0x080018d6   0x080018d6   0x00000002   PAD
    0x080018d8   0x080018d8   0x00000010   Code   RO          519    .text.Bluetooth_Init  bluetooth.o
    0x080018e8   0x080018e8   0x0000007c   Code   RO          523    .text.Bluetooth_SendAngle  bluetooth.o
    0x08001964   0x08001964   0x00000064   Code   RO          527    .text.Bluetooth_SendQRCode  bluetooth.o
    0x080019c8   0x080019c8   0x0000000e   Code   RO          521    .text.Bluetooth_TxCplt  bluetooth.o
    0x080019d6   0x080019d6   0x00000002   PAD
    0x080019d8   0x080019d8   0x00000002   Code   RO          376    .text.BusFault_Handler  stm32f4xx_it.o
    0x080019da   0x080019da   0x00000002   PAD
    0x080019dc   0x080019dc   0x00000044   Code   RO          538    .text.Button_Init   button.o
    0x08001a20   0x08001a20   0x00000030   Code   RO          540    .text.Button_IsStartPressed  button.o
    0x08001a50   0x08001a50   0x00000250   Code   RO          429    .text.CarStraight_Control  gc_chassis_control.o
    0x08001ca0   0x08001ca0   0x00000050   Code   RO          431    .text.CarStraight_Stop  gc_chassis_control.o
    0x08001cf0   0x08001cf0   0x0000015a   Code   RO          427    .text.ChassisSetWheels  gc_chassis_control.o
    0x08001e4a   0x08001e4a   0x00000002   PAD
    0x08001e4c   0x08001e4c   0x0000002e   Code   RO          229    .text.DWT_Delay_Init  delay.o
    0x08001e7a   0x08001e7a   0x00000002   PAD
    0x08001e7c   0x08001e7c   0x00000002   Code   RO          382    .text.DebugMon_Handler  stm32f4xx_it.o
    0x08001e7e   0x08001e7e   0x00000002   PAD
    0x08001e80   0x08001e80   0x0000002e   Code   RO          421    .text.DisableFieldPos  gc_chassis_control.o
    0x08001eae   0x08001eae   0x00000002   PAD
    0x08001eb0   0x08001eb0   0x00000060   Code   RO           67    .text.Enable        motor_move.o
    0x08001f10   0x08001f10   0x00000018   Code   RO          764    .text.Encoder_Reset  encoder_f407.o
    0x08001f28   0x08001f28   0x000000ca   Code   RO          762    .text.Encoder_init  encoder_f407.o
    0x08001ff2   0x08001ff2   0x00000002   PAD
    0x08001ff4   0x08001ff4   0x00000040   Code   RO          766    .text.Encoder_task  encoder_f407.o
    0x08002034   0x08002034   0x0000000a   Code   RO          310    .text.Error_Handler  main.o
    0x0800203e   0x0800203e   0x00000002   PAD
    0x08002040   0x08002040   0x0000001c   Code   RO          475    .text.FieldPos_Block  gc_chassis_control.o
    0x0800205c   0x0800205c   0x0000001c   Code   RO          477    .text.FieldPos_BlockAbs  gc_chassis_control.o
    0x08002078   0x08002078   0x000003b0   Code   RO          455    .text.FieldPos_Control  gc_chassis_control.o
    0x08002428   0x08002428   0x000002d4   Code   RO          469    .text.FieldPos_Start  gc_chassis_control.o
    0x080026fc   0x080026fc   0x000002d0   Code   RO          471    .text.FieldPos_StartAbs  gc_chassis_control.o
    0x080029cc   0x080029cc   0x0000000c   Code   RO          504    .text.GC_Task_GetState  gc_task.o
    0x080029d8   0x080029d8   0x00000036   Code   RO          494    .text.GC_Task_Init  gc_task.o
    0x08002a0e   0x08002a0e   0x00000002   PAD
    0x08002a10   0x08002a10   0x00000094   Code   RO          500    .text.GC_Task_ReadQRCodeTasks  gc_task.o
    0x08002aa4   0x08002aa4   0x000007f8   Code   RO          502    .text.GC_Task_Run_Pos  gc_task.o
    0x0800329c   0x0800329c   0x0000008e   Code   RO         1374    .text.HAL_DMA_Abort  stm32f4xx_hal_dma.o
    0x0800332a   0x0800332a   0x00000002   PAD
    0x0800332c   0x0800332c   0x00000024   Code   RO         1376    .text.HAL_DMA_Abort_IT  stm32f4xx_hal_dma.o
    0x08003350   0x08003350   0x00000028   Code   RO         1527    .text.HAL_Delay     stm32f4xx_hal.o
    0x08003378   0x08003378   0x0000019e   Code   RO         1328    .text.HAL_GPIO_Init  stm32f4xx_hal_gpio.o
    0x08003516   0x08003516   0x00000002   PAD
    0x08003518   0x08003518   0x0000000a   Code   RO         1332    .text.HAL_GPIO_ReadPin  stm32f4xx_hal_gpio.o
    0x08003522   0x08003522   0x00000002   PAD
    0x08003524   0x08003524   0x0000000a   Code   RO         1334    .text.HAL_GPIO_WritePin  stm32f4xx_hal_gpio.o
    0x0800352e   0x0800352e   0x00000002   PAD
    0x08003530   0x08003530   0x0000000c   Code   RO         1519    .text.HAL_GetTick   stm32f4xx_hal.o
    0x0800353c   0x0800353c   0x0000001a   Code   RO         1517    .text.HAL_IncTick   stm32f4xx_hal.o
    0x08003556   0x08003556   0x00000002   PAD
    0x08003558   0x08003558   0x00000036   Code   RO         1507    .text.HAL_Init      stm32f4xx_hal.o
    0x0800358e   0x0800358e   0x00000002   PAD
    0x08003590   0x08003590   0x00000048   Code   RO         1509    .text.HAL_InitTick  stm32f4xx_hal.o
    0x080035d8   0x080035d8   0x00000038   Code   RO          409    .text.HAL_MspInit   stm32f4xx_hal_msp.o
    0x08003610   0x08003610   0x00000022   Code   RO         1465    .text.HAL_NVIC_EnableIRQ  stm32f4xx_hal_cortex.o
    0x08003632   0x08003632   0x00000002   PAD
    0x08003634   0x08003634   0x00000056   Code   RO         1463    .text.HAL_NVIC_SetPriority  stm32f4xx_hal_cortex.o
    0x0800368a   0x0800368a   0x00000002   PAD
    0x0800368c   0x0800368c   0x00000020   Code   RO         1461    .text.HAL_NVIC_SetPriorityGrouping  stm32f4xx_hal_cortex.o
    0x080036ac   0x080036ac   0x00000164   Code   RO         1222    .text.HAL_RCC_ClockConfig  stm32f4xx_hal_rcc.o
    0x08003810   0x08003810   0x0000000c   Code   RO         1232    .text.HAL_RCC_GetHCLKFreq  stm32f4xx_hal_rcc.o
    0x0800381c   0x0800381c   0x00000026   Code   RO         1234    .text.HAL_RCC_GetPCLK1Freq  stm32f4xx_hal_rcc.o
    0x08003842   0x08003842   0x00000002   PAD
    0x08003844   0x08003844   0x00000026   Code   RO         1236    .text.HAL_RCC_GetPCLK2Freq  stm32f4xx_hal_rcc.o
    0x0800386a   0x0800386a   0x00000002   PAD
    0x0800386c   0x0800386c   0x0000006e   Code   RO         1224    .text.HAL_RCC_GetSysClockFreq  stm32f4xx_hal_rcc.o
    0x080038da   0x080038da   0x00000002   PAD
    0x080038dc   0x080038dc   0x000003ac   Code   RO         1220    .text.HAL_RCC_OscConfig  stm32f4xx_hal_rcc.o
    0x08003c88   0x08003c88   0x0000002c   Code   RO         1473    .text.HAL_SYSTICK_Config  stm32f4xx_hal_cortex.o
    0x08003cb4   0x08003cb4   0x00000002   Code   RO         1084    .text.HAL_TIMEx_BreakCallback  stm32f4xx_hal_tim_ex.o
    0x08003cb6   0x08003cb6   0x00000002   PAD
    0x08003cb8   0x08003cb8   0x00000002   Code   RO         1080    .text.HAL_TIMEx_CommutCallback  stm32f4xx_hal_tim_ex.o
    0x08003cba   0x08003cba   0x00000002   PAD
    0x08003cbc   0x08003cbc   0x000000ba   Code   RO         1074    .text.HAL_TIMEx_MasterConfigSynchronization  stm32f4xx_hal_tim_ex.o
    0x08003d76   0x08003d76   0x00000002   PAD
    0x08003d78   0x08003d78   0x0000005a   Code   RO          779    .text.HAL_TIM_Base_Init  stm32f4xx_hal_tim.o
    0x08003dd2   0x08003dd2   0x00000002   PAD
    0x08003dd4   0x08003dd4   0x00000042   Code   RO          312    .text.HAL_TIM_Base_MspInit  main.o
    0x08003e16   0x08003e16   0x00000002   PAD
    0x08003e18   0x08003e18   0x000000a2   Code   RO          789    .text.HAL_TIM_Base_Start  stm32f4xx_hal_tim.o
    0x08003eba   0x08003eba   0x00000002   PAD
    0x08003ebc   0x08003ebc   0x000000aa   Code   RO          793    .text.HAL_TIM_Base_Start_IT  stm32f4xx_hal_tim.o
    0x08003f66   0x08003f66   0x00000002   PAD
    0x08003f68   0x08003f68   0x000001a0   Code   RO          959    .text.HAL_TIM_ConfigClockSource  stm32f4xx_hal_tim.o
    0x08004108   0x08004108   0x00000002   Code   RO          915    .text.HAL_TIM_IC_CaptureCallback  stm32f4xx_hal_tim.o
    0x0800410a   0x0800410a   0x00000002   PAD
    0x0800410c   0x0800410c   0x00000170   Code   RO          913    .text.HAL_TIM_IRQHandler  stm32f4xx_hal_tim.o
    0x0800427c   0x0800427c   0x00000002   Code   RO          917    .text.HAL_TIM_OC_DelayElapsedCallback  stm32f4xx_hal_tim.o
    0x0800427e   0x0800427e   0x00000002   PAD
    0x08004280   0x08004280   0x00000002   Code   RO          919    .text.HAL_TIM_PWM_PulseFinishedCallback  stm32f4xx_hal_tim.o
    0x08004282   0x08004282   0x00000002   PAD
    0x08004284   0x08004284   0x0000001a   Code   RO          314    .text.HAL_TIM_PeriodElapsedCallback  main.o
    0x0800429e   0x0800429e   0x00000002   PAD
    0x080042a0   0x080042a0   0x00000058   Code   RO          963    .text.HAL_TIM_SlaveConfigSynchro  stm32f4xx_hal_tim.o
    0x080042f8   0x080042f8   0x00000002   Code   RO          923    .text.HAL_TIM_TriggerCallback  stm32f4xx_hal_tim.o
    0x080042fa   0x080042fa   0x00000002   PAD
    0x080042fc   0x080042fc   0x000000d4   Code   RO         1144    .text.HAL_UARTEx_ReceiveToIdle_IT  stm32f4xx_hal_uart.o
    0x080043d0   0x080043d0   0x0000002c   Code   RO          690    .text.HAL_UARTEx_RxEventCallback  lobotservocontroller.o
    0x080043fc   0x080043fc   0x00000002   Code   RO         1172    .text.HAL_UART_AbortReceiveCpltCallback  stm32f4xx_hal_uart.o
    0x080043fe   0x080043fe   0x00000002   PAD
    0x08004400   0x08004400   0x00000174   Code   RO         1168    .text.HAL_UART_AbortReceive_IT  stm32f4xx_hal_uart.o
    0x08004574   0x08004574   0x0000001c   Code   RO          320    .text.HAL_UART_ErrorCallback  main.o
    0x08004590   0x08004590   0x00000568   Code   RO         1174    .text.HAL_UART_IRQHandler  stm32f4xx_hal_uart.o
    0x08004af8   0x08004af8   0x0000005e   Code   RO         1098    .text.HAL_UART_Init  stm32f4xx_hal_uart.o
    0x08004b56   0x08004b56   0x00000002   PAD
    0x08004b58   0x08004b58   0x0000027c   Code   RO          352    .text.HAL_UART_MspInit  usart.o
    0x08004dd4   0x08004dd4   0x000001c2   Code   RO         1116    .text.HAL_UART_Receive  stm32f4xx_hal_uart.o
    0x08004f96   0x08004f96   0x00000002   PAD
    0x08004f98   0x08004f98   0x00000060   Code   RO         1120    .text.HAL_UART_Receive_IT  stm32f4xx_hal_uart.o
    0x08004ff8   0x08004ff8   0x0000001e   Code   RO          316    .text.HAL_UART_RxCpltCallback  main.o
    0x08005016   0x08005016   0x00000002   PAD
    0x08005018   0x08005018   0x00000282   Code   RO         1114    .text.HAL_UART_Transmit  stm32f4xx_hal_uart.o
    0x0800529a   0x0800529a   0x00000002   PAD
    0x0800529c   0x0800529c   0x00000004   Code   RO          318    .text.HAL_UART_TxCpltCallback  main.o
    0x080052a0   0x080052a0   0x000000b0   Code   RO          159    .text.HWT101_Init   hwt101.o
    0x08005350   0x08005350   0x00000002   Code   RO          372    .text.HardFault_Handler  stm32f4xx_it.o
    0x08005352   0x08005352   0x00000002   PAD
    0x08005354   0x08005354   0x000001f8   Code   RO          453    .text.InPlaceTurnMm_Control  gc_chassis_control.o
    0x0800554c   0x0800554c   0x000001b8   Code   RO          435    .text.InPlaceTurn_Control  gc_chassis_control.o
    0x08005704   0x08005704   0x0000005a   Code   RO          580    .text.Laser_Init    laser.o
    0x0800575e   0x0800575e   0x00000002   PAD
    0x08005760   0x08005760   0x00000012   Code   RO          584    .text.Laser_Off     laser.o
    0x08005772   0x08005772   0x00000002   PAD
    0x08005774   0x08005774   0x00000012   Code   RO          582    .text.Laser_On      laser.o
    0x08005786   0x08005786   0x00000002   PAD
    0x08005788   0x08005788   0x0000001e   Code   RO          141    .text.LimitValue    pid.o
    0x080057a6   0x080057a6   0x00000002   PAD
    0x080057a8   0x080057a8   0x00000018   Code   RO          688    .text.LobotServo_Init  lobotservocontroller.o
    0x080057c0   0x080057c0   0x00000098   Code   RO          332    .text.MX_GPIO_Init  gpio.o
    0x08005858   0x08005858   0x0000003c   Code   RO          340    .text.MX_UART4_Init  usart.o
    0x08005894   0x08005894   0x0000003c   Code   RO          342    .text.MX_UART5_Init  usart.o
    0x080058d0   0x080058d0   0x0000003c   Code   RO          344    .text.MX_USART1_UART_Init  usart.o
    0x0800590c   0x0800590c   0x0000003c   Code   RO          346    .text.MX_USART2_UART_Init  usart.o
    0x08005948   0x08005948   0x0000003c   Code   RO          348    .text.MX_USART3_UART_Init  usart.o
    0x08005984   0x08005984   0x0000003c   Code   RO          350    .text.MX_USART6_UART_Init  usart.o
    0x080059c0   0x080059c0   0x00000002   Code   RO          374    .text.MemManage_Handler  stm32f4xx_it.o
    0x080059c2   0x080059c2   0x00000002   PAD
    0x080059c4   0x080059c4   0x0000008a   Code   RO           47    .text.Motor_ClearPosition  zhangdatou.o
    0x08005a4e   0x08005a4e   0x00000002   PAD
    0x08005a50   0x08005a50   0x0000003e   Code   RO           13    .text.Motor_Enable  zhangdatou.o
    0x08005a8e   0x08005a8e   0x00000002   PAD
    0x08005a90   0x08005a90   0x0000002a   Code   RO           35    .text.Motor_GetLastComStatus  zhangdatou.o
    0x08005aba   0x08005aba   0x00000002   PAD
    0x08005abc   0x08005abc   0x0000000c   Code   RO           11    .text.Motor_Init    zhangdatou.o
    0x08005ac8   0x08005ac8   0x0000002e   Code   RO           33    .text.Motor_IsComBusy  zhangdatou.o
    0x08005af6   0x08005af6   0x00000002   PAD
    0x08005af8   0x08005af8   0x000000dc   Code   RO           87    .text.Motor_Move_ReadPos  motor_move.o
    0x08005bd4   0x08005bd4   0x0000006c   Code   RO           17    .text.Motor_PositionControl  zhangdatou.o
    0x08005c40   0x08005c40   0x00000064   Code   RO           25    .text.Motor_ReadPosition  zhangdatou.o
    0x08005ca4   0x08005ca4   0x0000000a   Code   RO           31    .text.Motor_RequestPositionUpdate  zhangdatou.o
    0x08005cae   0x08005cae   0x00000002   PAD
    0x08005cb0   0x08005cb0   0x0000005c   Code   RO           15    .text.Motor_SpeedControl  zhangdatou.o
    0x08005d0c   0x08005d0c   0x000000aa   Code   RO           29    .text.Motor_StartRequest  zhangdatou.o
    0x08005db6   0x08005db6   0x00000002   PAD
    0x08005db8   0x08005db8   0x0000003a   Code   RO           19    .text.Motor_Stop    zhangdatou.o
    0x08005df2   0x08005df2   0x00000002   PAD
    0x08005df4   0x08005df4   0x0000002c   Code   RO           21    .text.Motor_SyncStart  zhangdatou.o
    0x08005e20   0x08005e20   0x00000022   Code   RO           45    .text.Motor_UART_ErrorCallback  zhangdatou.o
    0x08005e42   0x08005e42   0x00000002   PAD
    0x08005e44   0x08005e44   0x0000013a   Code   RO           43    .text.Motor_UART_RxCpltCallback  zhangdatou.o
    0x08005f7e   0x08005f7e   0x00000002   PAD
    0x08005f80   0x08005f80   0x00000002   Code   RO          370    .text.NMI_Handler   stm32f4xx_it.o
    0x08005f82   0x08005f82   0x00000002   PAD
    0x08005f84   0x08005f84   0x000002a0   Code   RO          417    .text.PID_Config_Init  gc_chassis_control.o
    0x08006224   0x08006224   0x000000fc   Code   RO          149    .text.PID_Control   pid.o
    0x08006320   0x08006320   0x00000018   Code   RO          145    .text.PID_Cycle_Reset  pid.o
    0x08006338   0x08006338   0x00000010   Code   RO          147    .text.PID_Cycle_SetEnable  pid.o
    0x08006348   0x08006348   0x000000d8   Code   RO          171    .text.ParseAndPrintData  hwt101.o
    0x08006420   0x08006420   0x00000002   Code   RO          384    .text.PendSV_Handler  stm32f4xx_it.o
    0x08006422   0x08006422   0x00000002   PAD
    0x08006424   0x08006424   0x0000003e   Code   RO           95    .text.Pos_Run       motor_move.o
    0x08006462   0x08006462   0x00000002   PAD
    0x08006464   0x08006464   0x0000015e   Code   RO           89    .text.Pos_RunBack   motor_move.o
    0x080065c2   0x080065c2   0x00000002   PAD
    0x080065c4   0x080065c4   0x0000015e   Code   RO           93    .text.Pos_RunLeft   motor_move.o
    0x08006722   0x08006722   0x00000002   PAD
    0x08006724   0x08006724   0x0000015e   Code   RO           91    .text.Pos_RunRight  motor_move.o
    0x08006882   0x08006882   0x00000002   PAD
    0x08006884   0x08006884   0x00000162   Code   RO           85    .text.Pos_RunStraight  motor_move.o
    0x080069e6   0x080069e6   0x00000002   PAD
    0x080069e8   0x080069e8   0x0000010e   Code   RO           99    .text.Pos_youxiaxie  motor_move.o
    0x08006af6   0x08006af6   0x00000002   PAD
    0x08006af8   0x08006af8   0x0000010e   Code   RO           97    .text.Pos_zuoxie    motor_move.o
    0x08006c06   0x08006c06   0x00000002   PAD
    0x08006c08   0x08006c08   0x00000036   Code   RO          275    .text.QRcode_Init   qrcode.o
    0x08006c3e   0x08006c3e   0x00000002   PAD
    0x08006c40   0x08006c40   0x00000046   Code   RO          293    .text.QRcode_UART_ErrorCallback  qrcode.o
    0x08006c86   0x08006c86   0x00000002   PAD
    0x08006c88   0x08006c88   0x00000106   Code   RO          291    .text.QRcode_UART_RxCpltCallback  qrcode.o
    0x08006d8e   0x08006d8e   0x00000002   PAD
    0x08006d90   0x08006d90   0x000000b6   Code   RO          287    .text.QRcode_WaitTaskGroupsAndStop  qrcode.o
    0x08006e46   0x08006e46   0x00000002   PAD
    0x08006e48   0x08006e48   0x000000c4   Code   RO          425    .text.ReadAverageDistance  gc_chassis_control.o
    0x08006f0c   0x08006f0c   0x000000c0   Code   RO          423    .text.RefreshAllPositions  gc_chassis_control.o
    0x08006fcc   0x08006fcc   0x00000002   Code   RO          380    .text.SVC_Handler   stm32f4xx_it.o
    0x08006fce   0x08006fce   0x00000002   PAD
    0x08006fd0   0x08006fd0   0x0000000c   Code   RO          596    .text.Screen_Init   screen.o
    0x08006fdc   0x08006fdc   0x000000ce   Code   RO          600    .text.Screen_SendQRCodeTasks  screen.o
    0x080070aa   0x080070aa   0x00000002   PAD
    0x080070ac   0x080070ac   0x00000010   Code   RO          195    .text.Serial_Init   serial.o
    0x080070bc   0x080070bc   0x0000006e   Code   RO          748    .text.ServoMotorVision_BlockWithResearch  servomotorcontrol.o
    0x0800712a   0x0800712a   0x00000002   PAD
    0x0800712c   0x0800712c   0x00000030   Code   RO          750    .text.ServoMotorVision_Calibrate_Pos  servomotorcontrol.o
    0x0800715c   0x0800715c   0x000001d4   Code   RO          738    .text.ServoMotorVision_Control  servomotorcontrol.o
    0x08007330   0x08007330   0x00000028   Code   RO          734    .text.ServoMotorVision_MoveServo0  servomotorcontrol.o
    0x08007358   0x08007358   0x000000ec   Code   RO          736    .text.ServoMotorVision_Start  servomotorcontrol.o
    0x08007444   0x08007444   0x0000002c   Code   RO          742    .text.ServoMotorVision_Update  servomotorcontrol.o
    0x08007470   0x08007470   0x00000004   Code   RO          386    .text.SysTick_Handler  stm32f4xx_it.o
    0x08007474   0x08007474   0x00000012   Code   RO         1597    .text.SystemInit    system_stm32f4xx.o
    0x08007486   0x08007486   0x00000002   PAD
    0x08007488   0x08007488   0x0000000c   Code   RO          388    .text.TIM2_IRQHandler  stm32f4xx_it.o
    0x08007494   0x08007494   0x00000134   Code   RO          783    .text.TIM_Base_SetConfig  stm32f4xx_hal_tim.o
    0x080075c8   0x080075c8   0x000000fa   Code   RO          965    .text.TIM_SlaveTimer_SetConfig  stm32f4xx_hal_tim.o
    0x080076c2   0x080076c2   0x00000002   PAD
    0x080076c4   0x080076c4   0x0000000c   Code   RO          390    .text.UART4_IRQHandler  stm32f4xx_it.o
    0x080076d0   0x080076d0   0x0000000c   Code   RO          398    .text.UART5_IRQHandler  stm32f4xx_it.o
    0x080076dc   0x080076dc   0x0000000c   Code   RO         1178    .text.UART_DMAAbortOnError  stm32f4xx_hal_uart.o
    0x080076e8   0x080076e8   0x00000012   Code   RO         1170    .text.UART_DMARxOnlyAbortCallback  stm32f4xx_hal_uart.o
    0x080076fa   0x080076fa   0x00000002   PAD
    0x080076fc   0x080076fc   0x000000fe   Code   RO         1176    .text.UART_Receive_IT  stm32f4xx_hal_uart.o
    0x080077fa   0x080077fa   0x00000002   PAD
    0x080077fc   0x080077fc   0x000000e6   Code   RO         1102    .text.UART_SetConfig  stm32f4xx_hal_uart.o
    0x080078e2   0x080078e2   0x00000002   PAD
    0x080078e4   0x080078e4   0x0000000c   Code   RO          392    .text.USART1_IRQHandler  stm32f4xx_it.o
    0x080078f0   0x080078f0   0x0000000c   Code   RO          394    .text.USART2_IRQHandler  stm32f4xx_it.o
    0x080078fc   0x080078fc   0x0000000c   Code   RO          396    .text.USART3_IRQHandler  stm32f4xx_it.o
    0x08007908   0x08007908   0x0000000c   Code   RO          400    .text.USART6_IRQHandler  stm32f4xx_it.o
    0x08007914   0x08007914   0x00000002   Code   RO          378    .text.UsageFault_Handler  stm32f4xx_it.o
    0x08007916   0x08007916   0x00000002   PAD
    0x08007918   0x08007918   0x000000b0   Code   RO          445    .text.VisionPrecision_Calibrate  gc_chassis_control.o
    0x080079c8   0x080079c8   0x000000b0   Code   RO          449    .text.VisionPrecision_Calibrate2  gc_chassis_control.o
    0x08007a78   0x08007a78   0x000002d0   Code   RO          441    .text.VisionPrecision_Control  gc_chassis_control.o
    0x08007d48   0x08007d48   0x00000298   Code   RO          439    .text.VisionPrecision_Start  gc_chassis_control.o
    0x08007fe0   0x08007fe0   0x0000002c   Code   RO          451    .text.VisionPrecision_Update  gc_chassis_control.o
    0x0800800c   0x0800800c   0x00000026   Code   RO          199    .text.Vision_UART_StartCircle  serial.o
    0x08008032   0x08008032   0x00000002   PAD
    0x08008034   0x08008034   0x00000036   Code   RO          201    .text.Vision_UART_StartTask  serial.o
    0x0800806a   0x0800806a   0x00000002   PAD
    0x0800806c   0x0800806c   0x00000028   Code   RO          205    .text.Vision_UART_StopStream  serial.o
    0x08008094   0x08008094   0x00000140   Code   RO          565    .text.WS2812_BluePurpleFlow  ws2812.o
    0x080081d4   0x080081d4   0x00000182   Code   RO          551    .text.WS2812_Init   ws2812.o
    0x08008356   0x08008356   0x00000002   PAD
    0x08008358   0x08008358   0x0000013e   Code   RO          561    .text.WS2812_Rainbow  ws2812.o
    0x08008496   0x08008496   0x00000002   PAD
    0x08008498   0x08008498   0x000005c2   Code   RO          555    .text.WS2812_SendByte  ws2812.o
    0x08008a5a   0x08008a5a   0x00000002   PAD
    0x08008a5c   0x08008a5c   0x00000010   Code   RO          559    .text.WS2812_SetColor  ws2812.o
    0x08008a6c   0x08008a6c   0x000001bc   Code   RO          557    .text.WS2812_SetRGB  ws2812.o
    0x08008c28   0x08008c28   0x00000102   Code   RO          129    .text.ZAxis_Home    motor_move.o
    0x08008d2a   0x08008d2a   0x00000002   PAD
    0x08008d2c   0x08008d2c   0x00000044   Code   RO          115    .text.ZAxis_MoveRelative  motor_move.o
    0x08008d70   0x08008d70   0x00000050   Code   RO          233    .text.delay_ms      delay.o
    0x08008dc0   0x08008dc0   0x0000000e   Code   RO          706    .text.fang          huaner_servo.o
    0x08008dce   0x08008dce   0x00000002   PAD
    0x08008dd0   0x08008dd0   0x0000000e   Code   RO          720    .text.fang1         huaner_servo.o
    0x08008dde   0x08008dde   0x00000002   PAD
    0x08008de0   0x08008de0   0x00000008   Code   RO          708    .text.fangche1      huaner_servo.o
    0x08008de8   0x08008de8   0x00000008   Code   RO          710    .text.fangche2      huaner_servo.o
    0x08008df0   0x08008df0   0x00000008   Code   RO          712    .text.fangche3      huaner_servo.o
    0x08008df8   0x08008df8   0x00000126   Code   RO          702    .text.fangche_smooth_move  huaner_servo.o
    0x08008f1e   0x08008f1e   0x00000002   PAD
    0x08008f20   0x08008f20   0x0000000a   Code   RO          768    .text.get_encoder_point  encoder_f407.o
    0x08008f2a   0x08008f2a   0x00000002   PAD
    0x08008f2c   0x08008f2c   0x000000a2   Code   RO          169    .text.hwt_Handler   hwt101.o
    0x08008fce   0x08008fce   0x00000002   PAD
    0x08008fd0   0x08008fd0   0x0000000c   Code   RO          714    .text.kanche        huaner_servo.o
    0x08008fdc   0x08008fdc   0x0000000c   Code   RO          716    .text.kanche2       huaner_servo.o
    0x08008fe8   0x08008fe8   0x0000000a   Code   RO          718    .text.kandi         huaner_servo.o
    0x08008ff2   0x08008ff2   0x00000002   PAD
    0x08008ff4   0x08008ff4   0x00000216   Code   RO          306    .text.main          main.o
    0x0800920a   0x0800920a   0x00000002   PAD
    0x0800920c   0x0800920c   0x0000005a   Code   RO          664    .text.moveServo     lobotservocontroller.o
    0x08009266   0x08009266   0x00000002   PAD
    0x08009268   0x08009268   0x000000ec   Code   RO          447    .text.pit_control   gc_chassis_control.o
    0x08009354   0x08009354   0x0000001c   Code   RO          213    .text.serial_ErrorHandler  serial.o
    0x08009370   0x08009370   0x00000298   Code   RO          211    .text.serial_Handler  serial.o
    0x08009608   0x08009608   0x0000013a   Code   RO          682    .text.servo13_Home  lobotservocontroller.o
    0x08009742   0x08009742   0x00000002   PAD
    0x08009744   0x08009744   0x00000054   Code   RO          684    .text.servo13_SetSpeed  lobotservocontroller.o
    0x08009798   0x08009798   0x0000000c   Code   RO          704    .text.zhua          huaner_servo.o
    0x080097a4   0x080097a4   0x0000005a   Code   RO          646    .text.zhuafang7     action.o
    0x080097fe   0x080097fe   0x00000002   PAD
    0x08009800   0x08009800   0x0000005a   Code   RO          648    .text.zhuafang7_2   action.o
    0x0800985a   0x0800985a   0x0000003e   Code   RO         1801    CL$$btod_d2e        c_w.l(btod.o)
    0x08009898   0x08009898   0x00000046   Code   RO         1803    CL$$btod_d2e_denorm_low  c_w.l(btod.o)
    0x080098de   0x080098de   0x00000060   Code   RO         1802    CL$$btod_d2e_norm_op1  c_w.l(btod.o)
    0x0800993e   0x0800993e   0x00000002   PAD
    0x08009940   0x08009940   0x00000338   Code   RO         1811    CL$$btod_div_common  c_w.l(btod.o)
    0x08009c78   0x08009c78   0x000000dc   Code   RO         1808    CL$$btod_e2e        c_w.l(btod.o)
    0x08009d54   0x08009d54   0x0000002a   Code   RO         1805    CL$$btod_ediv       c_w.l(btod.o)
    0x08009d7e   0x08009d7e   0x0000002a   Code   RO         1804    CL$$btod_emul       c_w.l(btod.o)
    0x08009da8   0x08009da8   0x00000244   Code   RO         1810    CL$$btod_mult_common  c_w.l(btod.o)
    0x08009fec   0x08009fec   0x00000030   Code   RO         1832    i.__ARM_fpclassify  m_wm.l(fpclassify.o)
    0x0800a01c   0x0800a01c   0x0000000e   Code   RO         1637    i._is_digit         c_w.l(__printf_wp.o)
    0x0800a02a   0x0800a02a   0x00000002   PAD
    0x0800a02c   0x0800a02c   0x0000002c   Code   RO         1828    locale$$code        c_w.l(lc_numeric_c.o)
    0x0800a058   0x0800a058   0x00000062   Code   RO         1660    x$fpl$d2f           fz_wm.l(d2f.o)
    0x0800a0ba   0x0800a0ba   0x0000002e   Code   RO         1663    x$fpl$dflt          fz_wm.l(dflt_clz.o)
    0x0800a0e8   0x0800a0e8   0x00000154   Code   RO         1668    x$fpl$dmul          fz_wm.l(dmul.o)
    0x0800a23c   0x0800a23c   0x0000009c   Code   RO         1750    x$fpl$dnaninf       fz_wm.l(dnaninf.o)
    0x0800a2d8   0x0800a2d8   0x0000000c   Code   RO         1752    x$fpl$dretinf       fz_wm.l(dretinf.o)
    0x0800a2e4   0x0800a2e4   0x00000056   Code   RO         1670    x$fpl$f2d           fz_wm.l(f2d.o)
    0x0800a33a   0x0800a33a   0x0000008c   Code   RO         1754    x$fpl$fnaninf       fz_wm.l(fnaninf.o)
    0x0800a3c6   0x0800a3c6   0x0000001a   Code   RO         1919    x$fpl$fpinit        fz_wm.l(fpinit.o)
    0x0800a3e0   0x0800a3e0   0x0000000a   Code   RO         1756    x$fpl$fretinf       fz_wm.l(fretinf.o)
    0x0800a3ea   0x0800a3ea   0x00000004   Code   RO         1672    x$fpl$printf1       fz_wm.l(printf1.o)
    0x0800a3ee   0x0800a3ee   0x00000000   Code   RO         1764    x$fpl$usenofp       fz_wm.l(usenofp.o)
    0x0800a3ee   0x0800a3ee   0x00000011   Data   RO         1645    .constdata          c_w.l(__printf_flags_ss_wp.o)
    0x0800a3ff   0x0800a3ff   0x00000001   PAD
    0x0800a400   0x0800a400   0x00000094   Data   RO         1799    .constdata          c_w.l(bigflt0.o)
    0x0800a494   0x0800a494   0x00000010   Data   RO         1602    .rodata.AHBPrescTable  system_stm32f4xx.o
    0x0800a4a4   0x0800a4a4   0x00000008   Data   RO         1603    .rodata.APBPrescTable  system_stm32f4xx.o
    0x0800a4ac   0x0800a4ac   0x0000000f   Data   RO          607    .rodata.str1.1      screen.o
    0x0800a4bb   0x0800a4bb   0x00000001   PAD
    0x0800a4bc   0x0800a4bc   0x00000020   Data   RO         1995    Region$$Table       anon$$obj.o
    0x0800a4dc   0x0800a4dc   0x0000001c   Data   RO         1827    locale$$data        c_w.l(lc_numeric_c.o)


    Execution Region RW_IRAM1 (Exec base: 0x20000000, Load base: 0x0800a4f8, Size: 0x00000f98, Max: 0x0001c000, ABSOLUTE)

    Exec Addr    Load Addr    Size         Type   Attr      Idx    E Section Name        Object

    0x20000000   0x0800a4f8   0x00000010   Data   RW          570    .data..L_MergedGlobals  ws2812.o
    0x20000010   0x0800a508   0x00000008   Data   RW         1562    .data..L_MergedGlobals  stm32f4xx_hal.o
    0x20000018   0x0800a510   0x00000004   Data   RW         1601    .data.SystemCoreClock  system_stm32f4xx.o
    0x2000001c   0x0800a514   0x00000002   Data   RW          479    .data.chassis_motor_slope  gc_chassis_control.o
    0x2000001e   0x0800a516   0x00000002   Data   RW          723    .data.fangche_current_pos  huaner_servo.o
    0x20000020   0x0800a518   0x00000005   Data   RW          184    .data.guiling       hwt101.o
    0x20000025   0x0800a51d   0x00000003   PAD
    0x20000028   0x0800a520   0x00000004   Data   RW          606    .data.screen_huart  screen.o
    0x2000002c   0x0800a524   0x00000004   PAD
    0x20000030        -       0x00000060   Zero   RW         1835    .bss                c_w.l(libspace.o)
    0x20000090        -       0x00000060   Zero   RW           58    .bss..L_MergedGlobals  zhangdatou.o
    0x200000f0        -       0x0000002e   Zero   RW          186    .bss..L_MergedGlobals  hwt101.o
    0x2000011e   0x0800a524   0x00000002   PAD
    0x20000120        -       0x00000028   Zero   RW          220    .bss..L_MergedGlobals  serial.o
    0x20000148        -       0x0000001c   Zero   RW          297    .bss..L_MergedGlobals  qrcode.o
    0x20000164        -       0x00000014   Zero   RW          485    .bss..L_MergedGlobals  gc_chassis_control.o
    0x20000178        -       0x00000008   Zero   RW          510    .bss..L_MergedGlobals  gc_task.o
    0x20000180        -       0x00000048   Zero   RW          529    .bss..L_MergedGlobals  bluetooth.o
    0x200001c8        -       0x00000014   Zero   RW          693    .bss..L_MergedGlobals  lobotservocontroller.o
    0x200001dc        -       0x00000054   Zero   RW          770    .bss..L_MergedGlobals  encoder_f407.o
    0x20000230        -       0x0000000c   Zero   RW          571    .bss..L_MergedGlobals.2  ws2812.o
    0x2000023c        -       0x00000080   Zero   RW          692    .bss.LobotTxBuf     lobotservocontroller.o
    0x200002bc        -       0x000000dc   Zero   RW          480    .bss.car_straight   gc_chassis_control.o
    0x20000398        -       0x00000001   Zero   RW          752    .bss.config_inited  servomotorcontrol.o
    0x20000399        -       0x00000001   Zero   RW          722    .bss.fangche_pos_valid  huaner_servo.o
    0x2000039a   0x0800a524   0x00000002   PAD
    0x2000039c        -       0x00000124   Zero   RW          484    .bss.field_pos      gc_chassis_control.o
    0x200004c0        -       0x00000024   Zero   RW           57    .bss.g_motor_position_cache  zhangdatou.o
    0x200004e4        -       0x00000048   Zero   RW          322    .bss.htim2          main.o
    0x2000052c        -       0x00000044   Zero   RW          358    .bss.huart1         usart.o
    0x20000570        -       0x00000044   Zero   RW          359    .bss.huart2         usart.o
    0x200005b4        -       0x00000044   Zero   RW          360    .bss.huart3         usart.o
    0x200005f8        -       0x00000044   Zero   RW          356    .bss.huart4         usart.o
    0x2000063c        -       0x00000044   Zero   RW          357    .bss.huart5         usart.o
    0x20000680        -       0x00000044   Zero   RW          361    .bss.huart6         usart.o
    0x200006c4        -       0x0000006c   Zero   RW          481    .bss.in_place_turn  gc_chassis_control.o
    0x20000730        -       0x00000070   Zero   RW          482    .bss.in_place_turn_mm  gc_chassis_control.o
    0x200007a0        -       0x000000e4   Zero   RW          753    .bss.servo_motor_vision  servomotorcontrol.o
    0x20000884        -       0x00000004   Zero   RW         1561    .bss.uwTick         stm32f4xx_hal.o
    0x20000888        -       0x00000108   Zero   RW          483    .bss.vision_precision  gc_chassis_control.o
    0x20000990        -       0x00000001   Zero   RW          569    .bss.ws2812_use_slow_bitbang  ws2812.o
    0x20000991   0x0800a524   0x00000007   PAD
    0x20000998        -       0x00000200   Zero   RW            2    HEAP                startup_stm32f407xx.o
    0x20000b98        -       0x00000400   Zero   RW            1    STACK               startup_stm32f407xx.o


    Execution Region RW_IRAM2 (Exec base: 0x2001c000, Load base: 0x0800a528, Size: 0x00000000, Max: 0x00004000, ABSOLUTE)

    **** No section assigned to this execution region ****


==============================================================================

Image component sizes


      Code (inc. data)   RO Data    RW Data    ZI Data      Debug   Object Name

      2756         32          0          0          0      11064   action.o
       254         44          0          0         72       4985   bluetooth.o
       116          0          0          0          0       2381   button.o
       126          0          0          0          0       2123   delay.o
       300          0          0          0         84       6202   encoder_f407.o
      7528        172          0          2       1016      25491   gc_chassis_control.o
      2254        166          0          0          8       6736   gc_task.o
       152          0          0          0          0       2028   gpio.o
       392          0          0          2          1       2602   huaner_servo.o
       554         32          0          5         46       8529   hwt101.o
       126          0          0          0          0       2507   laser.o
       556          0          0          0        148      11290   lobotservocontroller.o
       698          0          0          0         72      12039   main.o
      2648          6          0          0          0      14816   motor_move.o
       328          4          0          0          0       2282   pid.o
       568         38          0          0         28       9649   qrcode.o
       218          0         15          4          0       5917   screen.o
       840          4          0          0         40       8259   serial.o
       946          4          0          0        229       6180   servomotorcontrol.o
        64         26        392          0       1536        848   startup_stm32f407xx.o
       204          0          0          8          4       7312   stm32f4xx_hal.o
       196          0          0          0          0      10441   stm32f4xx_hal_cortex.o
       178          0          0          0          0      10579   stm32f4xx_hal_dma.o
       434          0          0          0          0       5441   stm32f4xx_hal_gpio.o
        56          0          0          0          0       1460   stm32f4xx_hal_msp.o
      1494          4          0          0          0       7556   stm32f4xx_hal_rcc.o
      1860         10          0          0          0      58300   stm32f4xx_hal_tim.o
       190          0          0          0          0      21930   stm32f4xx_hal_tim_ex.o
      3766          0          0          0          0      32700   stm32f4xx_hal_uart.o
       104          0          0          0          0       6162   stm32f4xx_it.o
        18          0         24          4          0       2722   system_stm32f4xx.o
       996          0          0          0        408       8355   usart.o
      2958         16          0         16         13      13236   ws2812.o
      1230          8          0          0        132      10789   zhangdatou.o

    ----------------------------------------------------------------------
     35294        566        464         44       3852     342911   Object Totals
         0          0         32          0          0          0   (incl. Generated)
       186          0          1          3         15          0   (incl. Padding)

    ----------------------------------------------------------------------

      Code (inc. data)   RO Data    RW Data    ZI Data      Debug   Library Member Name

        64          6          0          0          0         84   __2snprintf.o
         8          0          0          0          0         68   __main.o
       392          4         17          0          0         92   __printf_flags_ss_wp.o
        14          0          0          0          0         68   __printf_wp.o
         0          0          0          0          0          0   __rtentry.o
        12          0          0          0          0          0   __rtentry2.o
         6          0          0          0          0          0   __rtentry4.o
        94          8          0          0          0          0   __scatter.o
        26          0          0          0          0          0   __scatter_copy.o
        28          0          0          0          0          0   __scatter_zi.o
        44          0          0          0          0        108   _printf_char.o
        48          6          0          0          0         96   _printf_char_common.o
         6          0          0          0          0          0   _printf_d.o
       120         16          0          0          0         92   _printf_dec.o
         6          0          0          0          0          0   _printf_f.o
      1052          0          0          0          0        148   _printf_fp_dec.o
       128         16          0          0          0         84   _printf_fp_infnan.o
       178          0          0          0          0         88   _printf_intcommon.o
         0          0          0          0          0          0   _printf_percent.o
         4          0          0          0          0          0   _printf_percent_end.o
         6          0          0          0          0          0   _printf_s.o
        82          0          0          0          0         80   _printf_str.o
         6          0          0          0          0          0   _printf_u.o
        16          0          0          0          0         68   _snputc.o
       228          4        148          0          0         96   bigflt0.o
      1936        128          0          0          0        668   btod.o
        18          0          0          0          0         80   exit.o
         6          0          0          0          0        152   heapauxi.o
         0          0          0          0          0          0   indicate_semi.o
        44         10         28          0          0         76   lc_numeric_c.o
         2          0          0          0          0          0   libinit.o
        22          0          0          0          0          0   libinit2.o
         2          0          0          0          0          0   libshutdown.o
         2          0          0          0          0          0   libshutdown2.o
         8          4          0          0         96         68   libspace.o
       138          0          0          0          0         80   lludiv10.o
       240          0          0          0          0        100   lludivv7m.o
         8          4          0          0          0         68   rt_locale_intlibspace.o
        78          0          0          0          0         80   rt_memclr_w.o
         2          0          0          0          0          0   rtexit.o
        10          0          0          0          0          0   rtexit2.o
       124          0          0          0          0         88   strcmpv7em.o
        12          4          0          0          0         68   sys_exit.o
        74          0          0          0          0         80   sys_stackheap_outer.o
         2          0          0          0          0         68   use_no_semi.o
        98          4          0          0          0        140   d2f.o
        46          0          0          0          0        116   dflt_clz.o
       340         12          0          0          0        152   dmul.o
       156          4          0          0          0        140   dnaninf.o
        12          0          0          0          0        116   dretinf.o
        86          4          0          0          0        132   f2d.o
       140          4          0          0          0        132   fnaninf.o
        26          0          0          0          0        116   fpinit.o
        10          0          0          0          0        116   fretinf.o
         4          0          0          0          0        116   printf1.o
         0          0          0          0          0          0   usenofp.o
        48          0          0          0          0        124   fpclassify.o

    ----------------------------------------------------------------------
      6280        238        194          0         96       4248   Library Totals
        18          0          1          0          0          0   (incl. Padding)

    ----------------------------------------------------------------------

      Code (inc. data)   RO Data    RW Data    ZI Data      Debug   Library Name

      5296        210        193          0         96       2848   c_w.l
       918         28          0          0          0       1276   fz_wm.l
        48          0          0          0          0        124   m_wm.l

    ----------------------------------------------------------------------
      6280        238        194          0         96       4248   Library Totals

    ----------------------------------------------------------------------

==============================================================================


      Code (inc. data)   RO Data    RW Data    ZI Data      Debug   

     41574        804        658         44       3948     344179   Grand Totals
     41574        804        658         44       3948     344179   ELF Image Totals
     41574        804        658         44          0          0   ROM Totals

==============================================================================

    Total RO  Size (Code + RO Data)                42232 (  41.24kB)
    Total RW  Size (RW Data + ZI Data)              3992 (   3.90kB)
    Total ROM Size (Code + RO Data + RW Data)      42276 (  41.29kB)

==============================================================================

